ARM Linker, 5.03 [Build 76] [MDK-ARM Standard]

==============================================================================

Section Cross References

    main.o(.text) refers to led.o(.text) for LED_Configuration
    main.o(.text) refers to relay.o(.text) for Relay_Gpio_Init
    main.o(.text) refers to pwm.o(.text) for TIM_Config
    main.o(.text) refers to uart.o(.text) for USART_Configuration
    main.o(.text) refers to can.o(.text) for CAN_Config
    main.o(.text) refers to adc.o(.text) for user_adc_init
    main.o(.text) refers to nvic.o(.text) for NVIC_Config
    main.o(.text) refers to manage.o(.text) for Search_Mode
    main.o(.text) refers to uart.o(.data) for Uart_Size
    main.o(.text) refers to uart.o(.bss) for RS232_buff
    stm32f2xx_it.o(.text) refers to systick.o(.text) for TimingDelay_Decrement
    stm32f2xx_it.o(.text) refers to printfb.o(i.__0printf$bare) for __2printf
    stm32f2xx_it.o(.text) refers to stm32f2xx_can.o(.text) for CAN_Receive
    stm32f2xx_it.o(.text) refers to memcmp.o(.text) for memcmp
    stm32f2xx_it.o(.text) refers to can.o(.text) for Init_TxMes
    stm32f2xx_it.o(.text) refers to stm32f2xx_it.o(.bss) for RxMessage
    stm32f2xx_it.o(.text) refers to stm32f2xx_it.o(.data) for RecieveBuff
    stm32f2xx_it.o(.text) refers to can.o(.data) for Can_Recieve_Flag
    stm32f2xx_it.o(.text) refers to can.o(.bss) for TxMessage
    led.o(.text) refers to stm32f2xx_rcc.o(.text) for RCC_AHB1PeriphClockCmd
    led.o(.text) refers to stm32f2xx_gpio.o(.text) for GPIO_Init
    nvic.o(.text) refers to misc.o(.text) for NVIC_PriorityGroupConfig
    systick.o(.text) refers to stm32f2xx_rcc.o(.text) for RCC_GetClocksFreq
    systick.o(.text) refers to systick.o(.data) for TimingDelay
    uart.o(.text) refers to stm32f2xx_usart.o(.text) for USART_SendData
    uart.o(.text) refers to stm32f2xx_rcc.o(.text) for RCC_AHB1PeriphClockCmd
    uart.o(.text) refers to stm32f2xx_gpio.o(.text) for GPIO_Init
    uart.o(.text) refers to uart.o(.data) for recstatu
    uart.o(.text) refers to uart.o(.bss) for RS232_buff
    i2c.o(.text) refers to stm32f2xx_rcc.o(.text) for RCC_AHB1PeriphClockCmd
    i2c.o(.text) refers to stm32f2xx_gpio.o(.text) for GPIO_PinAFConfig
    i2c.o(.text) refers to stm32f2xx_i2c.o(.text) for I2C_DeInit
    i2c.o(.text) refers to stm32f2xx_dma.o(.text) for DMA_Cmd
    i2c.o(.text) refers to i2c.o(.bss) for sEEDMA_InitStructure
    i2c.o(.text) refers to i2c.o(.data) for sEEAddress
    adc.o(.text) refers to stm32f2xx_rcc.o(.text) for RCC_APB2PeriphClockCmd
    adc.o(.text) refers to stm32f2xx_dma.o(.text) for DMA_Init
    adc.o(.text) refers to stm32f2xx_gpio.o(.text) for GPIO_Init
    adc.o(.text) refers to stm32f2xx_adc.o(.text) for ADC_CommonInit
    adc.o(.text) refers to stm32f2xx_tim.o(.text) for TIM_TimeBaseInit
    adc.o(.text) refers to adc.o(.data) for ADC_ConvertedValue
    exit.o(.text) refers to stm32f2xx_exti.o(.text) for EXTI_DeInit
    exit.o(.text) refers to stm32f2xx_rcc.o(.text) for RCC_APB2PeriphClockCmd
    exit.o(.text) refers to stm32f2xx_gpio.o(.text) for GPIO_Init
    exit.o(.text) refers to stm32f2xx_syscfg.o(.text) for SYSCFG_EXTILineConfig
    tsl2581.o(.text) refers to stm32f2xx_rcc.o(.text) for RCC_AHB1PeriphClockCmd
    tsl2581.o(.text) refers to stm32f2xx_gpio.o(.text) for GPIO_Init
    tsl2581.o(.text) refers to stm32f2xx_i2c.o(.text) for I2C_GenerateSTART
    tsl2581.o(.text) refers to systick.o(.text) for Stop
    tsl2581.o(.text) refers to printfb.o(i.__0printf$bare) for __2printf
    tsl2581.o(.text) refers to i2c.o(.data) for sEETimeout
    tsl2581.o(.text) refers to tsl2581.o(.data) for Channel_0
    tsl2581.o(.text) refers to i2c.o(.text) for I2C_GPIO_Config
    ds18b20.o(.text) refers to stm32f2xx_rcc.o(.text) for RCC_APB1PeriphClockCmd
    ds18b20.o(.text) refers to stm32f2xx_gpio.o(.text) for GPIO_Init
    ds18b20.o(.text) refers to systick.o(.text) for Delay_us
    ds18b20.o(.text) refers to dflti.o(.text) for __aeabi_i2d
    ds18b20.o(.text) refers to dmul.o(.text) for __aeabi_dmul
    ds18b20.o(.text) refers to d2f.o(.text) for __aeabi_d2f
    ds18b20.o(.text) refers to ffixui.o(.text) for __aeabi_f2uiz
    ds18b20.o(.text) refers to ds18b20.o(.data) for Temp_Flag
    ds18b20.o(.text) refers to can.o(.data) for CAN_COMMAND
    ds18b20_1.o(.text) refers to stm32f2xx_rcc.o(.text) for RCC_APB1PeriphClockCmd
    ds18b20_1.o(.text) refers to stm32f2xx_gpio.o(.text) for GPIO_Init
    ds18b20_1.o(.text) refers to systick.o(.text) for Delay_us
    ds18b20_1.o(.text) refers to dflti.o(.text) for __aeabi_i2d
    ds18b20_1.o(.text) refers to dmul.o(.text) for __aeabi_dmul
    ds18b20_1.o(.text) refers to d2f.o(.text) for __aeabi_d2f
    ds18b20_1.o(.text) refers to ffixui.o(.text) for __aeabi_f2uiz
    ds18b20_1.o(.text) refers to ds18b20_1.o(.data) for Temp_Flag_1
    ds18b20_1.o(.text) refers to can.o(.data) for CAN_COMMAND
    manage.o(.text) refers to memcmp.o(.text) for memcmp
[...]
    printfa.o(i.__0printf) refers to printfa.o(i._printf_core) for _printf_core
    printfa.o(i.__0printf) refers to uart.o(.text) for fputc
    printfa.o(i.__0printf) refers to stdout.o(.data) for __stdout
    printfa.o(i.__0snprintf) refers (Special) to iusefp.o(.text) for __I$use$fp
    printfa.o(i.__0snprintf) refers to printfa.o(i._printf_core) for _printf_core
    printfa.o(i.__0snprintf) refers to printfa.o(i._snputc) for _snputc
    printfa.o(i.__0sprintf) refers (Special) to iusefp.o(.text) for __I$use$fp
    printfa.o(i.__0sprintf) refers to printfa.o(i._printf_core) for _printf_core
    printfa.o(i.__0sprintf) refers to printfa.o(i._sputc) for _sputc
    printfa.o(i.__0vfprintf) refers (Special) to iusefp.o(.text) for __I$use$fp
    printfa.o(i.__0vfprintf) refers to printfa.o(i._printf_core) for _printf_core
    printfa.o(i.__0vfprintf) refers to uart.o(.text) for fputc
    printfa.o(i.__0vprintf) refers (Special) to iusefp.o(.text) for __I$use$fp
    printfa.o(i.__0vprintf) refers to printfa.o(i._printf_core) for _printf_core
    printfa.o(i.__0vprintf) refers to uart.o(.text) for fputc
    printfa.o(i.__0vprintf) refers to stdout.o(.data) for __stdout
    printfa.o(i.__0vsnprintf) refers (Special) to iusefp.o(.text) for __I$use$fp
    printfa.o(i.__0vsnprintf) refers to printfa.o(i._printf_core) for _printf_core
    printfa.o(i.__0vsnprintf) refers to printfa.o(i._snputc) for _snputc
    printfa.o(i.__0vsprintf) refers (Special) to iusefp.o(.text) for __I$use$fp
    printfa.o(i.__0vsprintf) refers to printfa.o(i._printf_core) for _printf_core
    printfa.o(i.__0vsprintf) refers to printfa.o(i._sputc) for _sputc
    printfa.o(i._fp_digits) refers (Special) to iusefp.o(.text) for __I$use$fp
    printfa.o(i._fp_digits) refers to dmul.o(.text) for __aeabi_dmul
    printfa.o(i._fp_digits) refers to ddiv.o(.text) for __aeabi_ddiv
    printfa.o(i._fp_digits) refers to cdrcmple.o(.text) for __aeabi_cdrcmple
    printfa.o(i._fp_digits) refers to dadd.o(.text) for __aeabi_dadd
    printfa.o(i._fp_digits) refers to dfixul.o(.text) for __aeabi_d2ulz
    printfa.o(i._fp_digits) refers to uldiv.o(.text) for __aeabi_uldivmod
    printfa.o(i._printf_core) refers (Special) to iusefp.o(.text) for __I$use$fp
    printfa.o(i._printf_core) refers to printfa.o(i._printf_pre_padding) for _printf_pre_padding
    printfa.o(i._printf_core) refers to uldiv.o(.text) for __aeabi_uldivmod
    printfa.o(i._printf_core) refers to printfa.o(i._printf_post_padding) for _printf_post_padding
    printfa.o(i._printf_core) refers to printfa.o(i._fp_digits) for _fp_digits
    printfa.o(i._printf_core) refers to uidiv.o(.text) for __aeabi_uidivmod
    printfa.o(i._printf_post_padding) refers (Special) to iusefp.o(.text) for __I$use$fp
    printfa.o(i._printf_pre_padding) refers (Special) to iusefp.o(.text) for __I$use$fp
    printfa.o(i._snputc) refers (Special) to iusefp.o(.text) for __I$use$fp
    printfa.o(i._sputc) refers (Special) to iusefp.o(.text) for __I$use$fp
    dmul.o(.text) refers (Special) to iusefp.o(.text) for __I$use$fp
    dmul.o(.text) refers to depilogue.o(.text) for _double_epilogue
    dflti.o(.text) refers (Special) to iusefp.o(.text) for __I$use$fp
    dflti.o(.text) refers to depilogue.o(.text) for _double_epilogue
    ffixui.o(.text) refers (Special) to iusefp.o(.text) for __I$use$fp
    d2f.o(.text) refers (Special) to iusefp.o(.text) for __I$use$fp
    d2f.o(.text) refers to fepilogue.o(.text) for _float_round
    entry2.o(.ARM.Collect$$$$00000001) refers to entry2.o(.ARM.Collect$$$$00002712) for __lit__00000000
    entry2.o(.ARM.Collect$$$$00002712) refers to startup_stm32f2xx.o(STACK) for __initial_sp
    entry2.o(__vectab_stack_and_reset_area) refers to startup_stm32f2xx.o(STACK) for __initial_sp
    entry2.o(__vectab_stack_and_reset_area) refers to entry.o(.ARM.Collect$$$$00000000) for __main
    entry5.o(.ARM.Collect$$$$00000004) refers to init.o(.text) for __scatterload
    entry9a.o(.ARM.Collect$$$$0000000B) refers to main.o(.text) for main
    entry9b.o(.ARM.Collect$$$$0000000C) refers to main.o(.text) for main
    uldiv.o(.text) refers to llushr.o(.text) for __aeabi_llsr
    uldiv.o(.text) refers to llshl.o(.text) for __aeabi_llsl
    depilogue.o(.text) refers to llshl.o(.text) for __aeabi_llsl
    depilogue.o(.text) refers to llushr.o(.text) for __aeabi_llsr
    dadd.o(.text) refers to llshl.o(.text) for __aeabi_llsl
    dadd.o(.text) refers to llsshr.o(.text) for __aeabi_lasr
    dadd.o(.text) refers to depilogue.o(.text) for _double_epilogue
    ddiv.o(.text) refers to depilogue.o(.text) for _double_round
    dfixul.o(.text) refers to llushr.o(.text) for __aeabi_llsr
    dfixul.o(.text) refers to llshl.o(.text) for __aeabi_llsl
    init.o(.text) refers to entry5.o(.ARM.Collect$$$$00000004) for __main_after_scatterload


==============================================================================

Removing Unused input sections from the image.

    Removing exit.o(.text), (152 bytes).
    Removing ds18b20.o(.text), (1524 bytes).
    Removing ds18b20.o(.bss), (32 bytes).
    Removing ds18b20.o(.data), (10 bytes).
    Removing ds18b20_1.o(.text), (1540 bytes).
    Removing ds18b20_1.o(.bss), (32 bytes).
    Removing ds18b20_1.o(.data), (10 bytes).
    Removing timer.o(.text), (70 bytes).
    Removing startup_stm32f2xx.o(HEAP), (512 bytes).
    Removing stm32f2xx_crc.o(.text), (72 bytes).
    Removing stm32f2xx_cryp.o(.text), (656 bytes).
    Removing stm32f2xx_cryp_aes.o(.text), (1524 bytes).
    Removing stm32f2xx_cryp_des.o(.text), (468 bytes).
    Removing stm32f2xx_cryp_tdes.o(.text), (532 bytes).
    Removing stm32f2xx_dac.o(.text), (528 bytes).
    Removing stm32f2xx_dbgmcu.o(.text), (100 bytes).
    Removing stm32f2xx_dcmi.o(.text), (396 bytes).
    Removing stm32f2xx_exti.o(.text), (284 bytes).
    Removing stm32f2xx_flash.o(.text), (1224 bytes).
    Removing stm32f2xx_fsmc.o(.text), (1564 bytes).
    Removing stm32f2xx_hash.o(.text), (496 bytes).
    Removing stm32f2xx_hash_md5.o(.text), (534 bytes).
    Removing stm32f2xx_hash_sha1.o(.text), (548 bytes).
    Removing stm32f2xx_iwdg.o(.text), (64 bytes).
    Removing stm32f2xx_pwr.o(.text), (220 bytes).
    Removing stm32f2xx_rng.o(.text), (160 bytes).
    Removing stm32f2xx_rtc.o(.text), (2844 bytes).
    Removing stm32f2xx_sdio.o(.text), (500 bytes).
    Removing stm32f2xx_spi.o(.text), (932 bytes).
    Removing stm32f2xx_syscfg.o(.text), (140 bytes).
    Removing stm32f2xx_wwdg.o(.text), (144 bytes).
    Removing dmul.o(.text), (228 bytes).
    Removing dflti.o(.text), (34 bytes).
    Removing ffixui.o(.text), (40 bytes).
    Removing d2f.o(.text), (56 bytes).
    Removing fepilogue.o(.text), (108 bytes).
    Removing depilogue.o(.text), (190 bytes).
    Removing dadd.o(.text), (334 bytes).
    Removing ddiv.o(.text), (222 bytes).
    Removing dfixul.o(.text), (48 bytes).
    Removing cdrcmple.o(.text), (40 bytes).

41 unused section(s) (total 19112 bytes) removed from the image.

==============================================================================

Image Symbol Table

    Local Symbols

    Symbol Name                              Value     Ov Type        Size  Object(Section)

    ../clib/../cmprslib/zerorunl2.c          0x00000000   Number         0  __dczerorl2.o ABSOLUTE
    ../clib/microlib/division.c              0x00000000   Number         0  uidiv.o ABSOLUTE
    ../clib/microlib/division.c              0x00000000   Number         0  uldiv.o ABSOLUTE
    ../clib/microlib/init/entry.s            0x00000000   Number         0  entry8b.o ABSOLUTE
    ../clib/microlib/init/entry.s            0x00000000   Number         0  entry8a.o ABSOLUTE
    ../clib/microlib/init/entry.s            0x00000000   Number         0  entry11b.o ABSOLUTE
    ../clib/microlib/init/entry.s            0x00000000   Number         0  entry.o ABSOLUTE
    ../clib/microlib/init/entry.s            0x00000000   Number         0  entry9a.o ABSOLUTE
    ../clib/microlib/init/entry.s            0x00000000   Number         0  entry2.o ABSOLUTE
    ../clib/microlib/init/entry.s            0x00000000   Number         0  entry5.o ABSOLUTE
    ../clib/microlib/init/entry.s            0x00000000   Number         0  entry7a.o ABSOLUTE
    ../clib/microlib/init/entry.s            0x00000000   Number         0  entry7b.o ABSOLUTE
    ../clib/microlib/init/entry.s            0x00000000   Number         0  entry9b.o ABSOLUTE
    ../clib/microlib/init/entry.s            0x00000000   Number         0  entry10a.o ABSOLUTE
    ../clib/microlib/init/entry.s            0x00000000   Number         0  entry11a.o ABSOLUTE
    ../clib/microlib/init/entry.s            0x00000000   Number         0  entry10b.o ABSOLUTE
    ../clib/microlib/longlong.c              0x00000000   Number         0  llsshr.o ABSOLUTE
    ../clib/microlib/longlong.c              0x00000000   Number         0  llushr.o ABSOLUTE
    ../clib/microlib/longlong.c              0x00000000   Number         0  llshl.o ABSOLUTE
    ../clib/microlib/printf/printf.c         0x00000000   Number         0  printf5.o ABSOLUTE
    ../clib/microlib/printf/printf.c         0x00000000   Number         0  printf6.o ABSOLUTE
    ../clib/microlib/printf/printf.c         0x00000000   Number         0  printf0.o ABSOLUTE
    ../clib/microlib/printf/printf.c         0x00000000   Number         0  printfb.o ABSOLUTE
    ../clib/microlib/printf/printf.c         0x00000000   Number         0  printf7.o ABSOLUTE
    ../clib/microlib/printf/printf.c         0x00000000   Number         0  printf8.o ABSOLUTE
    ../clib/microlib/printf/printf.c         0x00000000   Number         0  printfa.o ABSOLUTE
    ../clib/microlib/printf/printf.c         0x00000000   Number         0  printf2.o ABSOLUTE
    ../clib/microlib/printf/printf.c         0x00000000   Number         0  printf1.o ABSOLUTE
    ../clib/microlib/printf/printf.c         0x00000000   Number         0  printf4.o ABSOLUTE
    ../clib/microlib/printf/printf.c         0x00000000   Number         0  printf3.o ABSOLUTE
    ../clib/microlib/stdio/streams.c         0x00000000   Number         0  stdout.o ABSOLUTE
    ../clib/microlib/string/memcmp.c         0x00000000   Number         0  memcmp.o ABSOLUTE
    ../clib/microlib/string/memset.c         0x00000000   Number         0  memseta.o ABSOLUTE
    ../clib/microlib/stubs.s                 0x00000000   Number         0  iusefp.o ABSOLUTE
    ../fplib/microlib/d2f.c                  0x00000000   Number         0  d2f.o ABSOLUTE
    ../fplib/microlib/fpadd.c                0x00000000   Number         0  dadd.o ABSOLUTE
    ../fplib/microlib/fpdiv.c                0x00000000   Number         0  ddiv.o ABSOLUTE
    ../fplib/microlib/fpepilogue.c           0x00000000   Number         0  depilogue.o ABSOLUTE
    ../fplib/microlib/fpepilogue.c           0x00000000   Number         0  fepilogue.o ABSOLUTE
    ../fplib/microlib/fpfix.c                0x00000000   Number         0  dfixul.o ABSOLUTE
    ../fplib/microlib/fpfix.c                0x00000000   Number         0  ffixui.o ABSOLUTE
    ../fplib/microlib/fpflt.c                0x00000000   Number         0  dflti.o ABSOLUTE
    ../fplib/microlib/fpmul.c                0x00000000   Number         0  dmul.o ABSOLUTE
    ..\Libraries\Core\startup_stm32f2xx.s    0x00000000   Number         0  startup_stm32f2xx.o ABSOLUTE
    ..\Libraries\Core\system_stm32f2xx.c     0x00000000   Number         0  system_stm32f2xx.o ABSOLUTE
    ..\Libraries\StdPeriph\src\misc.c        0x00000000   Number         0  misc.o ABSOLUTE
    ..\Libraries\StdPeriph\src\stm32f2xx_adc.c 0x00000000   Number         0  stm32f2xx_adc.o ABSOLUTE
    ..\Libraries\StdPeriph\src\stm32f2xx_can.c 0x00000000   Number         0  stm32f2xx_can.o ABSOLUTE
    ..\Libraries\StdPeriph\src\stm32f2xx_crc.c 0x00000000   Number         0  stm32f2xx_crc.o ABSOLUTE
    ..\Libraries\StdPeriph\src\stm32f2xx_cryp.c 0x00000000   Number         0  stm32f2xx_cryp.o ABSOLUTE
    ..\Libraries\StdPeriph\src\stm32f2xx_cryp_aes.c 0x00000000   Number         0  stm32f2xx_cryp_aes.o ABSOLUTE
    ..\Libraries\StdPeriph\src\stm32f2xx_cryp_des.c 0x00000000   Number         0  stm32f2xx_cryp_des.o ABSOLUTE
    ..\Libraries\StdPeriph\src\stm32f2xx_cryp_tdes.c 0x00000000   Number         0  stm32f2xx_cryp_tdes.o ABSOLUTE
    ..\Libraries\StdPeriph\src\stm32f2xx_dac.c 0x00000000   Number         0  stm32f2xx_dac.o ABSOLUTE
    ..\Libraries\StdPeriph\src\stm32f2xx_dbgmcu.c 0x00000000   Number         0  stm32f2xx_dbgmcu.o ABSOLUTE
    ..\Libraries\StdPeriph\src\stm32f2xx_dcmi.c 0x00000000   Number         0  stm32f2xx_dcmi.o ABSOLUTE
    ..\Libraries\StdPeriph\src\stm32f2xx_dma.c 0x00000000   Number         0  stm32f2xx_dma.o ABSOLUTE
    ..\Libraries\StdPeriph\src\stm32f2xx_exti.c 0x00000000   Number         0  stm32f2xx_exti.o ABSOLUTE
    ..\Libraries\StdPeriph\src\stm32f2xx_flash.c 0x00000000   Number         0  stm32f2xx_flash.o ABSOLUTE
    ..\Libraries\StdPeriph\src\stm32f2xx_fsmc.c 0x00000000   Number         0  stm32f2xx_fsmc.o ABSOLUTE
    ..\Libraries\StdPeriph\src\stm32f2xx_gpio.c 0x00000000   Number         0  stm32f2xx_gpio.o ABSOLUTE
    ..\Libraries\StdPeriph\src\stm32f2xx_hash.c 0x00000000   Number         0  stm32f2xx_hash.o ABSOLUTE
    ..\Libraries\StdPeriph\src\stm32f2xx_hash_md5.c 0x00000000   Number         0  stm32f2xx_hash_md5.o ABSOLUTE
    ..\Libraries\StdPeriph\src\stm32f2xx_hash_sha1.c 0x00000000   Number         0  stm32f2xx_hash_sha1.o ABSOLUTE
    ..\Libraries\StdPeriph\src\stm32f2xx_i2c.c 0x00000000   Number         0  stm32f2xx_i2c.o ABSOLUTE
    ..\Libraries\StdPeriph\src\stm32f2xx_iwdg.c 0x00000000   Number         0  stm32f2xx_iwdg.o ABSOLUTE
    ..\Libraries\StdPeriph\src\stm32f2xx_pwr.c 0x00000000   Number         0  stm32f2xx_pwr.o ABSOLUTE
    ..\Libraries\StdPeriph\src\stm32f2xx_rcc.c 0x00000000   Number         0  stm32f2xx_rcc.o ABSOLUTE
    ..\Libraries\StdPeriph\src\stm32f2xx_rng.c 0x00000000   Number         0  stm32f2xx_rng.o ABSOLUTE
    ..\Libraries\StdPeriph\src\stm32f2xx_rtc.c 0x00000000   Number         0  stm32f2xx_rtc.o ABSOLUTE
    ..\Libraries\StdPeriph\src\stm32f2xx_sdio.c 0x00000000   Number         0  stm32f2xx_sdio.o ABSOLUTE
    ..\Libraries\StdPeriph\src\stm32f2xx_spi.c 0x00000000   Number         0  stm32f2xx_spi.o ABSOLUTE
    ..\Libraries\StdPeriph\src\stm32f2xx_syscfg.c 0x00000000   Number         0  stm32f2xx_syscfg.o ABSOLUTE
    ..\Libraries\StdPeriph\src\stm32f2xx_tim.c 0x00000000   Number         0  stm32f2xx_tim.o ABSOLUTE
    ..\Libraries\StdPeriph\src\stm32f2xx_usart.c 0x00000000   Number         0  stm32f2xx_usart.o ABSOLUTE
    ..\Libraries\StdPeriph\src\stm32f2xx_wwdg.c 0x00000000   Number         0  stm32f2xx_wwdg.o ABSOLUTE
    ..\User\adc.c                            0x00000000   Number         0  adc.o ABSOLUTE
    ..\User\can.c                            0x00000000   Number         0  can.o ABSOLUTE
    ..\User\command.c                        0x00000000   Number         0  command.o ABSOLUTE
    ..\User\ds18b20.c                        0x00000000   Number         0  ds18b20.o ABSOLUTE
    ..\User\ds18b20_1.c                      0x00000000   Number         0  ds18b20_1.o ABSOLUTE
    ..\User\exit.c                           0x00000000   Number         0  exit.o ABSOLUTE
    ..\User\i2c.c                            0x00000000   Number         0  i2c.o ABSOLUTE
    ..\User\led.c                            0x00000000   Number         0  led.o ABSOLUTE
    ..\User\main.c                           0x00000000   Number         0  main.o ABSOLUTE
    ..\User\manage.c                         0x00000000   Number         0  manage.o ABSOLUTE
    ..\User\ntc.c                            0x00000000   Number         0  ntc.o ABSOLUTE
    ..\User\nvic.c                           0x00000000   Number         0  nvic.o ABSOLUTE
    ..\User\pwm.c                            0x00000000   Number         0  pwm.o ABSOLUTE
    ..\User\relay.c                          0x00000000   Number         0  relay.o ABSOLUTE
    ..\User\stm32f2xx_it.c                   0x00000000   Number         0  stm32f2xx_it.o ABSOLUTE
    ..\User\systick.c                        0x00000000   Number         0  systick.o ABSOLUTE
    ..\User\timer.c                          0x00000000   Number         0  timer.o ABSOLUTE
    ..\User\tsl2581.c                        0x00000000   Number         0  tsl2581.o ABSOLUTE
    ..\User\uart.c                           0x00000000   Number         0  uart.o ABSOLUTE
    cdrcmple.s                               0x00000000   Number         0  cdrcmple.o ABSOLUTE
    dc.s                                     0x00000000   Number         0  dc.o ABSOLUTE
    handlers.s                               0x00000000   Number         0  handlers.o ABSOLUTE
    init.s                                   0x00000000   Number         0  init.o ABSOLUTE
    RESET                                    0x08000000   Section      388  startup_stm32f2xx.o(RESET)
    .ARM.Collect$$$$00000000                 0x08000184   Section        0  entry.o(.ARM.Collect$$$$00000000)
    .ARM.Collect$$$$00000001                 0x08000184   Section        4  entry2.o(.ARM.Collect$$$$00000001)
    .ARM.Collect$$$$00000004                 0x08000188   Section        4  entry5.o(.ARM.Collect$$$$00000004)
    .ARM.Collect$$$$00000008                 0x0800018c   Section        0  entry7b.o(.ARM.Collect$$$$00000008)
    .ARM.Collect$$$$0000000A                 0x0800018c   Section        0  entry8b.o(.ARM.Collect$$$$0000000A)
    .ARM.Collect$$$$0000000B                 0x0800018c   Section        8  entry9a.o(.ARM.Collect$$$$0000000B)
    .ARM.Collect$$$$0000000D                 0x08000194   Section        0  entry10a.o(.ARM.Collect$$$$0000000D)
    .ARM.Collect$$$$0000000F                 0x08000194   Section        0  entry11a.o(.ARM.Collect$$$$0000000F)
    .ARM.Collect$$$$00002712                 0x08000194   Section        4  entry2.o(.ARM.Collect$$$$00002712)
    __lit__00000000                          0x08000194   Data           4  entry2.o(.ARM.Collect$$$$00002712)
    .text                                    0x08000198   Section        0  main.o(.text)
    .text                                    0x080001e8   Section        0  stm32f2xx_it.o(.text)
    .text                                    0x08000284   Section        0  led.o(.text)
    .text                                    0x080003d4   Section        0  nvic.o(.text)
    .text                                    0x08000458   Section        0  systick.o(.text)
    .text                                    0x0800053c   Section        0  uart.o(.text)
    .text                                    0x08000700   Section        0  i2c.o(.text)
    .text                                    0x08000ee0   Section        0  adc.o(.text)
    .text                                    0x080011e4   Section        0  tsl2581.o(.text)
    I2C_AcknowledgePolling                   0x08001209   Thumb Code    68  tsl2581.o(.text)
    .text                                    0x08001760   Section        0  manage.o(.text)
    .text                                    0x0800224c   Section        0  can.o(.text)
    .text                                    0x08002388   Section        0  ntc.o(.text)
    .text                                    0x08002418   Section        0  relay.o(.text)
    .text                                    0x08002450   Section        0  pwm.o(.text)
    .text                                    0x08002564   Section       36  startup_stm32f2xx.o(.text)
    .text                                    0x08002588   Section        0  system_stm32f2xx.o(.text)
    SetSysClock                              0x08002589   Thumb Code   190  system_stm32f2xx.o(.text)
    .text                                    0x08002768   Section        0  misc.o(.text)
    .text                                    0x0800284c   Section        0  stm32f2xx_adc.o(.text)
    .text                                    0x08002cbc   Section        0  stm32f2xx_can.o(.text)
    CheckITStatus                            0x080034bf   Thumb Code    16  stm32f2xx_can.o(.text)
    .text                                    0x080036a8   Section        0  stm32f2xx_dma.o(.text)
    .text                                    0x08003a4c   Section        0  stm32f2xx_gpio.o(.text)
    .text                                    0x08003ca8   Section        0  stm32f2xx_i2c.o(.text)
    .text                                    0x080040d0   Section        0  stm32f2xx_rcc.o(.text)
    .text                                    0x08004658   Section        0  stm32f2xx_tim.o(.text)
    TI4_Config                               0x08004df7   Thumb Code    80  stm32f2xx_tim.o(.text)
    TI3_Config                               0x08004e59   Thumb Code    72  stm32f2xx_tim.o(.text)
    TI2_Config                               0x08004ebb   Thumb Code    90  stm32f2xx_tim.o(.text)
    TI1_Config                               0x08004f27   Thumb Code    58  stm32f2xx_tim.o(.text)
    .text                                    0x080052fc   Section        0  stm32f2xx_usart.o(.text)
    .text                                    0x08005716   Section        0  memseta.o(.text)
    .text                                    0x0800573a   Section        0  memcmp.o(.text)
    .text                                    0x08005754   Section       36  init.o(.text)
    .text                                    0x08005778   Section        0  __dczerorl2.o(.text)
    i.__0printf$bare                         0x080057d4   Section        0  printfb.o(i.__0printf$bare)
    i.__scatterload_copy                     0x080057e4   Section       14  handlers.o(i.__scatterload_copy)
    i.__scatterload_null                     0x080057f2   Section        2  handlers.o(i.__scatterload_null)
    i.__scatterload_zeroinit                 0x080057f4   Section       14  handlers.o(i.__scatterload_zeroinit)
    i._printf_core                           0x08005802   Section        0  printfb.o(i._printf_core)
    _printf_core                             0x08005803   Thumb Code    34  printfb.o(i._printf_core)
    .constdata                               0x08005824   Section      573  command.o(.constdata)
    .data                                    0x20000000   Section        8  stm32f2xx_it.o(.data)
    RecieveBuff                              0x20000000   Data           8  stm32f2xx_it.o(.data)
    .data                                    0x20000008   Section        4  systick.o(.data)
    TimingDelay                              0x20000008   Data           4  systick.o(.data)
    .data                                    0x2000000c   Section       12  uart.o(.data)
    .data                                    0x20000018   Section       37  i2c.o(.data)
    .data                                    0x20000040   Section       16  adc.o(.data)
    .data                                    0x20000050   Section       12  tsl2581.o(.data)
    .data                                    0x2000005c   Section       12  manage.o(.data)
    Mode                                     0x2000005d   Data           1  manage.o(.data)
    Optical_Temp                             0x2000005e   Data           1  manage.o(.data)
    Ambient_Temp                             0x2000005f   Data           1  manage.o(.data)
    Temp_Statue                              0x20000060   Data           1  manage.o(.data)
    lux                                      0x20000064   Data           4  manage.o(.data)
    .data                                    0x20000068   Section        7  can.o(.data)
    .data                                    0x20000070   Section     1448  ntc.o(.data)
    .data                                    0x20000618   Section       20  system_stm32f2xx.o(.data)
    .data                                    0x2000062c   Section       16  stm32f2xx_rcc.o(.data)
    APBAHBPrescTable                         0x2000062c   Data          16  stm32f2xx_rcc.o(.data)
    .data                                    0x2000063c   Section        4  stdout.o(.data)
    .bss                                     0x20000640   Section       20  stm32f2xx_it.o(.bss)
    RxMessage                                0x20000640   Data          20  stm32f2xx_it.o(.bss)
    .bss                                     0x20000654   Section      100  uart.o(.bss)
    .bss                                     0x200006b8   Section       60  i2c.o(.bss)
    .bss                                     0x200006f4   Section       20  can.o(.bss)
    STACK                                    0x20000708   Section     1024  startup_stm32f2xx.o(STACK)

    Global Symbols

    Symbol Name                              Value     Ov Type        Size  Object(Section)

    BuildAttributes$$THM_ISAv4$P$D$K$B$S$PE$A:L22UL41UL21$X:L11$S22US41US21$IEEE1$IW$USESV6$~STKCKD$USESV7$~SHL$OTIME$ROPI$EBA8$MICROLIB$REQ8$PRES8$EABIv2 0x00000000   Number         0  anon$$obj.o ABSOLUTE
    __ARM_use_no_argv                        0x00000000   Number         0  main.o ABSOLUTE
    __cpp_initialize__aeabi_                  - Undefined Weak Reference
    __cxa_finalize                            - Undefined Weak Reference
    _clock_init                               - Undefined Weak Reference
    _microlib_exit                            - Undefined Weak Reference
    __Vectors_Size                           0x00000184   Number         0  startup_stm32f2xx.o ABSOLUTE
    __Vectors                                0x08000000   Data           4  startup_stm32f2xx.o(RESET)
    __Vectors_End                            0x08000184   Data           0  startup_stm32f2xx.o(RESET)
    __main                                   0x08000185   Thumb Code     0  entry.o(.ARM.Collect$$$$00000000)
    _main_stk                                0x08000185   Thumb Code     0  entry2.o(.ARM.Collect$$$$00000001)
    _main_scatterload                        0x08000189   Thumb Code     0  entry5.o(.ARM.Collect$$$$00000004)
    __main_after_scatterload                 0x0800018d   Thumb Code     0  entry5.o(.ARM.Collect$$$$00000004)
    _main_clock                              0x0800018d   Thumb Code     0  entry7b.o(.ARM.Collect$$$$00000008)
    _main_cpp_init                           0x0800018d   Thumb Code     0  entry8b.o(.ARM.Collect$$$$0000000A)
    _main_init                               0x0800018d   Thumb Code     0  entry9a.o(.ARM.Collect$$$$0000000B)
    __rt_final_cpp                           0x08000195   Thumb Code     0  entry10a.o(.ARM.Collect$$$$0000000D)
    __rt_final_exit                          0x08000195   Thumb Code     0  entry11a.o(.ARM.Collect$$$$0000000F)
    main                                     0x08000199   Thumb Code    72  main.o(.text)
    NMI_Handler                              0x080001e9   Thumb Code     2  stm32f2xx_it.o(.text)
    HardFault_Handler                        0x080001eb   Thumb Code     4  stm32f2xx_it.o(.text)
    MemManage_Handler                        0x080001ef   Thumb Code     4  stm32f2xx_it.o(.text)
    BusFault_Handler                         0x080001f3   Thumb Code     4  stm32f2xx_it.o(.text)
    UsageFault_Handler                       0x080001f7   Thumb Code     4  stm32f2xx_it.o(.text)
    SVC_Handler                              0x080001fb   Thumb Code     2  stm32f2xx_it.o(.text)
    DebugMon_Handler                         0x080001fd   Thumb Code     2  stm32f2xx_it.o(.text)
    PendSV_Handler                           0x080001ff   Thumb Code     2  stm32f2xx_it.o(.text)
    SysTick_Handler                          0x08000201   Thumb Code    14  stm32f2xx_it.o(.text)
    ETH_IRQHandler                           0x0800020f   Thumb Code     2  stm32f2xx_it.o(.text)
    I2C1_ER_IRQHandler                       0x08000211   Thumb Code     2  stm32f2xx_it.o(.text)
    I2C1_EV_IRQHandler                       0x08000213   Thumb Code     2  stm32f2xx_it.o(.text)
    CAN1_RX0_IRQHandler                      0x08000215   Thumb Code    84  stm32f2xx_it.o(.text)
    LED_Configuration                        0x08000285   Thumb Code   120  led.o(.text)
    LED_Delay                                0x080002fd   Thumb Code    10  led.o(.text)
    LED_Blink                                0x08000307   Thumb Code    84  led.o(.text)
    One_LED_ON                               0x0800035b   Thumb Code   104  led.o(.text)
    NVIC_Config                              0x080003d5   Thumb Code   130  nvic.o(.text)
    systick                                  0x08000459   Thumb Code   102  systick.o(.text)
    Delay_us                                 0x080004bf   Thumb Code    36  systick.o(.text)
    TimingDelay_Decrement                    0x080004e3   Thumb Code    18  systick.o(.text)
    Stop_systick                             0x080004f5   Thumb Code    28  systick.o(.text)
    Stop                                     0x08000511   Thumb Code    32  systick.o(.text)
    fputc                                    0x0800053d   Thumb Code    32  uart.o(.text)
    USART_Configuration                      0x0800055d   Thumb Code   184  uart.o(.text)
    USART1_IRQHandler                        0x08000615   Thumb Code   110  uart.o(.text)
    RS232_Accept_byte                        0x08000683   Thumb Code    38  uart.o(.text)
    RS232_Send_Data                          0x080006a9   Thumb Code    36  uart.o(.text)
    RS232_Send_Byte                          0x080006cd   Thumb Code    18  uart.o(.text)
    I2C_GPIO_Config                          0x08000701   Thumb Code    66  i2c.o(.text)
    I2C_Config                               0x08000743   Thumb Code    74  i2c.o(.text)
    sEE_LowLevel_DeInit                      0x0800078d   Thumb Code    96  i2c.o(.text)
    sEE_DeInit                               0x080007ed   Thumb Code     8  i2c.o(.text)
    sEE_LowLevel_Init                        0x080007f5   Thumb Code   276  i2c.o(.text)
    sEE_Init                                 0x08000909   Thumb Code    76  i2c.o(.text)
    sEE_LowLevel_DMAConfig                   0x08000955   Thumb Code    56  i2c.o(.text)
    sEE_TIMEOUT_UserCallback                 0x0800098d   Thumb Code     4  i2c.o(.text)
    sEE_WritePage                            0x08000991   Thumb Code   236  i2c.o(.text)
    sEE_WaitEepromStandbyState               0x08000a7d   Thumb Code   270  i2c.o(.text)
    sEE_WriteBuffer                          0x08000b8b   Thumb Code   698  i2c.o(.text)
    DMA1_Stream6_IRQHandler                  0x08000e45   Thumb Code    88  i2c.o(.text)
    Buffercmp                                0x08000e9d   Thumb Code    36  i2c.o(.text)
    ADC_Configuration                        0x08000ee1   Thumb Code   238  adc.o(.text)
    adc_dma_init                             0x08000fcf   Thumb Code   110  adc.o(.text)
    adc_config                               0x0800103d   Thumb Code   172  adc.o(.text)
    adc_gpio_init                            0x080010e9   Thumb Code    34  adc.o(.text)
    adc_timer_init                           0x0800110b   Thumb Code    68  adc.o(.text)
    user_adc_init                            0x0800114f   Thumb Code    28  adc.o(.text)
    TIM2_IRQHandler                          0x0800116b   Thumb Code    30  adc.o(.text)
    DMA2_Stream0_IRQHandler                  0x08001189   Thumb Code    50  adc.o(.text)
    TSL2581_INIT_GPIO                        0x080011e5   Thumb Code    36  tsl2581.o(.text)
    I2C_DEV_Write                            0x0800124d   Thumb Code   224  tsl2581.o(.text)
    Reload_register                          0x0800132d   Thumb Code    24  tsl2581.o(.text)
    SET_Interrupt_Threshold                  0x08001345   Thumb Code   106  tsl2581.o(.text)
    TSL2581_Interrupt_Threshold              0x080013af   Thumb Code    46  tsl2581.o(.text)
    I2C_Mem_Read                             0x080013dd   Thumb Code   428  tsl2581.o(.text)
    I2C_DEV_Read                             0x08001589   Thumb Code    22  tsl2581.o(.text)
    I2C_DEV_init                             0x0800159f   Thumb Code    60  tsl2581.o(.text)
    Read_Channel                             0x080015db   Thumb Code   126  tsl2581.o(.text)
    calculateLux                             0x08001659   Thumb Code   228  tsl2581.o(.text)
    Tsl2581_Init_Dev                         0x0800173d   Thumb Code    14  tsl2581.o(.text)
    Tsl2581_Basic_Init                       0x0800174b   Thumb Code    12  tsl2581.o(.text)
    Search_Mode                              0x08001761   Thumb Code   116  manage.o(.text)
    Manage_Mode                              0x080017d5   Thumb Code  2428  manage.o(.text)
    Manage_Temp                              0x08002151   Thumb Code   134  manage.o(.text)
    Manage_Light                             0x080021d7   Thumb Code    38  manage.o(.text)
    CAN_Config                               0x0800224d   Thumb Code   206  can.o(.text)
    Init_TxMes                               0x0800231b   Thumb Code    64  can.o(.text)
    Manage_Can_Receive                       0x0800235b   Thumb Code    28  can.o(.text)
    T_dis                                    0x08002389   Thumb Code   138  ntc.o(.text)
    Relay_Gpio_Init                          0x08002419   Thumb Code    52  relay.o(.text)
    TIM_Config                               0x08002451   Thumb Code    76  pwm.o(.text)
    Pwm_Init                                 0x0800249d   Thumb Code   188  pwm.o(.text)
    Reset_Handler                            0x08002565   Thumb Code     8  startup_stm32f2xx.o(.text)
    ADC_IRQHandler                           0x0800257f   Thumb Code     0  startup_stm32f2xx.o(.text)
    CAN1_RX1_IRQHandler                      0x0800257f   Thumb Code     0  startup_stm32f2xx.o(.text)
    CAN1_SCE_IRQHandler                      0x0800257f   Thumb Code     0  startup_stm32f2xx.o(.text)
    CAN1_TX_IRQHandler                       0x0800257f   Thumb Code     0  startup_stm32f2xx.o(.text)
    CAN2_RX0_IRQHandler                      0x0800257f   Thumb Code     0  startup_stm32f2xx.o(.text)
    CAN2_RX1_IRQHandler                      0x0800257f   Thumb Code     0  startup_stm32f2xx.o(.text)
    CAN2_SCE_IRQHandler                      0x0800257f   Thumb Code     0  startup_stm32f2xx.o(.text)
    CAN2_TX_IRQHandler                       0x0800257f   Thumb Code     0  startup_stm32f2xx.o(.text)
    CRYP_IRQHandler                          0x0800257f   Thumb Code     0  startup_stm32f2xx.o(.text)
    DCMI_IRQHandler                          0x0800257f   Thumb Code     0  startup_stm32f2xx.o(.text)
    DMA1_Stream0_IRQHandler                  0x0800257f   Thumb Code     0  startup_stm32f2xx.o(.text)
    DMA1_Stream1_IRQHandler                  0x0800257f   Thumb Code     0  startup_stm32f2xx.o(.text)
    DMA1_Stream2_IRQHandler                  0x0800257f   Thumb Code     0  startup_stm32f2xx.o(.text)
    DMA1_Stream3_IRQHandler                  0x0800257f   Thumb Code     0  startup_stm32f2xx.o(.text)
    DMA1_Stream4_IRQHandler                  0x0800257f   Thumb Code     0  startup_stm32f2xx.o(.text)
    DMA1_Stream5_IRQHandler                  0x0800257f   Thumb Code     0  startup_stm32f2xx.o(.text)
    DMA1_Stream7_IRQHandler                  0x0800257f   Thumb Code     0  startup_stm32f2xx.o(.text)
    DMA2_Stream1_IRQHandler                  0x0800257f   Thumb Code     0  startup_stm32f2xx.o(.text)
    DMA2_Stream2_IRQHandler                  0x0800257f   Thumb Code     0  startup_stm32f2xx.o(.text)
    DMA2_Stream3_IRQHandler                  0x0800257f   Thumb Code     0  startup_stm32f2xx.o(.text)
    DMA2_Stream4_IRQHandler                  0x0800257f   Thumb Code     0  startup_stm32f2xx.o(.text)
    DMA2_Stream5_IRQHandler                  0x0800257f   Thumb Code     0  startup_stm32f2xx.o(.text)
    DMA2_Stream6_IRQHandler                  0x0800257f   Thumb Code     0  startup_stm32f2xx.o(.text)
    DMA2_Stream7_IRQHandler                  0x0800257f   Thumb Code     0  startup_stm32f2xx.o(.text)
    ETH_WKUP_IRQHandler                      0x0800257f   Thumb Code     0  startup_stm32f2xx.o(.text)
    EXTI0_IRQHandler                         0x0800257f   Thumb Code     0  startup_stm32f2xx.o(.text)
    EXTI15_10_IRQHandler                     0x0800257f   Thumb Code     0  startup_stm32f2xx.o(.text)
    EXTI1_IRQHandler                         0x0800257f   Thumb Code     0  startup_stm32f2xx.o(.text)
    EXTI2_IRQHandler                         0x0800257f   Thumb Code     0  startup_stm32f2xx.o(.text)
    EXTI3_IRQHandler                         0x0800257f   Thumb Code     0  startup_stm32f2xx.o(.text)
    EXTI4_IRQHandler                         0x0800257f   Thumb Code     0  startup_stm32f2xx.o(.text)
    EXTI9_5_IRQHandler                       0x0800257f   Thumb Code     0  startup_stm32f2xx.o(.text)
    FLASH_IRQHandler                         0x0800257f   Thumb Code     0  startup_stm32f2xx.o(.text)
    FSMC_IRQHandler                          0x0800257f   Thumb Code     0  startup_stm32f2xx.o(.text)
    HASH_RNG_IRQHandler                      0x0800257f   Thumb Code     0  startup_stm32f2xx.o(.text)
    I2C2_ER_IRQHandler                       0x0800257f   Thumb Code     0  startup_stm32f2xx.o(.text)
    I2C2_EV_IRQHandler                       0x0800257f   Thumb Code     0  startup_stm32f2xx.o(.text)
    I2C3_ER_IRQHandler                       0x0800257f   Thumb Code     0  startup_stm32f2xx.o(.text)
    I2C3_EV_IRQHandler                       0x0800257f   Thumb Code     0  startup_stm32f2xx.o(.text)
    OTG_FS_IRQHandler                        0x0800257f   Thumb Code     0  startup_stm32f2xx.o(.text)
    OTG_FS_WKUP_IRQHandler                   0x0800257f   Thumb Code     0  startup_stm32f2xx.o(.text)
    OTG_HS_EP1_IN_IRQHandler                 0x0800257f   Thumb Code     0  startup_stm32f2xx.o(.text)
    OTG_HS_EP1_OUT_IRQHandler                0x0800257f   Thumb Code     0  startup_stm32f2xx.o(.text)
    OTG_HS_IRQHandler                        0x0800257f   Thumb Code     0  startup_stm32f2xx.o(.text)
    OTG_HS_WKUP_IRQHandler                   0x0800257f   Thumb Code     0  startup_stm32f2xx.o(.text)
    PVD_IRQHandler                           0x0800257f   Thumb Code     0  startup_stm32f2xx.o(.text)
    RCC_IRQHandler                           0x0800257f   Thumb Code     0  startup_stm32f2xx.o(.text)
    RTC_Alarm_IRQHandler                     0x0800257f   Thumb Code     0  startup_stm32f2xx.o(.text)
    RTC_WKUP_IRQHandler                      0x0800257f   Thumb Code     0  startup_stm32f2xx.o(.text)
    SDIO_IRQHandler                          0x0800257f   Thumb Code     0  startup_stm32f2xx.o(.text)
    SPI1_IRQHandler                          0x0800257f   Thumb Code     0  startup_stm32f2xx.o(.text)
    SPI2_IRQHandler                          0x0800257f   Thumb Code     0  startup_stm32f2xx.o(.text)
    SPI3_IRQHandler                          0x0800257f   Thumb Code     0  startup_stm32f2xx.o(.text)
    TAMP_STAMP_IRQHandler                    0x0800257f   Thumb Code     0  startup_stm32f2xx.o(.text)
    TIM1_BRK_TIM9_IRQHandler                 0x0800257f   Thumb Code     0  startup_stm32f2xx.o(.text)
    TIM1_CC_IRQHandler                       0x0800257f   Thumb Code     0  startup_stm32f2xx.o(.text)
    TIM1_TRG_COM_TIM11_IRQHandler            0x0800257f   Thumb Code     0  startup_stm32f2xx.o(.text)
    TIM1_UP_TIM10_IRQHandler                 0x0800257f   Thumb Code     0  startup_stm32f2xx.o(.text)
    TIM3_IRQHandler                          0x0800257f   Thumb Code     0  startup_stm32f2xx.o(.text)
    TIM4_IRQHandler                          0x0800257f   Thumb Code     0  startup_stm32f2xx.o(.text)
    TIM5_IRQHandler                          0x0800257f   Thumb Code     0  startup_stm32f2xx.o(.text)
    TIM6_DAC_IRQHandler                      0x0800257f   Thumb Code     0  startup_stm32f2xx.o(.text)
    TIM7_IRQHandler                          0x0800257f   Thumb Code     0  startup_stm32f2xx.o(.text)
    TIM8_BRK_TIM12_IRQHandler                0x0800257f   Thumb Code     0  startup_stm32f2xx.o(.text)
    TIM8_CC_IRQHandler                       0x0800257f   Thumb Code     0  startup_stm32f2xx.o(.text)
    TIM8_TRG_COM_TIM14_IRQHandler            0x0800257f   Thumb Code     0  startup_stm32f2xx.o(.text)
    TIM8_UP_TIM13_IRQHandler                 0x0800257f   Thumb Code     0  startup_stm32f2xx.o(.text)
    UART4_IRQHandler                         0x0800257f   Thumb Code     0  startup_stm32f2xx.o(.text)
    UART5_IRQHandler                         0x0800257f   Thumb Code     0  startup_stm32f2xx.o(.text)
    USART2_IRQHandler                        0x0800257f   Thumb Code     0  startup_stm32f2xx.o(.text)
    USART3_IRQHandler                        0x0800257f   Thumb Code     0  startup_stm32f2xx.o(.text)
    USART6_IRQHandler                        0x0800257f   Thumb Code     0  startup_stm32f2xx.o(.text)
    WWDG_IRQHandler                          0x0800257f   Thumb Code     0  startup_stm32f2xx.o(.text)
    SystemInit                               0x08002647   Thumb Code    74  system_stm32f2xx.o(.text)
    SystemCoreClockUpdate                    0x08002691   Thumb Code   174  system_stm32f2xx.o(.text)
    NVIC_PriorityGroupConfig                 0x08002769   Thumb Code    10  misc.o(.text)
    NVIC_Init                                0x08002773   Thumb Code   108  misc.o(.text)
    NVIC_SetVectorTable                      0x080027df   Thumb Code    14  misc.o(.text)
    NVIC_SystemLPConfig                      0x080027ed   Thumb Code    34  misc.o(.text)
    SysTick_CLKSourceConfig                  0x0800280f   Thumb Code    40  misc.o(.text)
    ADC_DeInit                               0x0800284d   Thumb Code    22  stm32f2xx_adc.o(.text)
    ADC_Init                                 0x08002863   Thumb Code    74  stm32f2xx_adc.o(.text)
    ADC_StructInit                           0x080028ad   Thumb Code    20  stm32f2xx_adc.o(.text)
    ADC_CommonInit                           0x080028c1   Thumb Code    44  stm32f2xx_adc.o(.text)
    ADC_CommonStructInit                     0x080028ed   Thumb Code    12  stm32f2xx_adc.o(.text)
    ADC_Cmd                                  0x080028f9   Thumb Code    22  stm32f2xx_adc.o(.text)
    ADC_AnalogWatchdogCmd                    0x0800290f   Thumb Code    16  stm32f2xx_adc.o(.text)
    ADC_AnalogWatchdogThresholdsConfig       0x0800291f   Thumb Code     6  stm32f2xx_adc.o(.text)
    ADC_AnalogWatchdogSingleChannelConfig    0x08002925   Thumb Code    16  stm32f2xx_adc.o(.text)
    ADC_TempSensorVrefintCmd                 0x08002935   Thumb Code    34  stm32f2xx_adc.o(.text)
    ADC_VBATCmd                              0x08002957   Thumb Code    34  stm32f2xx_adc.o(.text)
    ADC_RegularChannelConfig                 0x08002979   Thumb Code   184  stm32f2xx_adc.o(.text)
    ADC_SoftwareStartConv                    0x08002a31   Thumb Code    10  stm32f2xx_adc.o(.text)
    ADC_GetSoftwareStartConvStatus           0x08002a3b   Thumb Code    20  stm32f2xx_adc.o(.text)
    ADC_EOCOnEachRegularChannelCmd           0x08002a4f   Thumb Code    22  stm32f2xx_adc.o(.text)
    ADC_ContinuousModeCmd                    0x08002a65   Thumb Code    22  stm32f2xx_adc.o(.text)
    ADC_DiscModeChannelCountConfig           0x08002a7b   Thumb Code    24  stm32f2xx_adc.o(.text)
    ADC_DiscModeCmd                          0x08002a93   Thumb Code    22  stm32f2xx_adc.o(.text)
    ADC_GetConversionValue                   0x08002aa9   Thumb Code     8  stm32f2xx_adc.o(.text)
    ADC_GetMultiModeConversionValue          0x08002ab1   Thumb Code     6  stm32f2xx_adc.o(.text)
    ADC_DMACmd                               0x08002ab7   Thumb Code    22  stm32f2xx_adc.o(.text)
    ADC_DMARequestAfterLastTransferCmd       0x08002acd   Thumb Code    22  stm32f2xx_adc.o(.text)
    ADC_MultiModeDMARequestAfterLastTransferCmd 0x08002ae3   Thumb Code    34  stm32f2xx_adc.o(.text)
    ADC_InjectedChannelConfig                0x08002b05   Thumb Code   130  stm32f2xx_adc.o(.text)
    ADC_InjectedSequencerLengthConfig        0x08002b87   Thumb Code    24  stm32f2xx_adc.o(.text)
    ADC_SetInjectedOffset                    0x08002b9f   Thumb Code    20  stm32f2xx_adc.o(.text)
    ADC_ExternalTrigInjectedConvConfig       0x08002bb3   Thumb Code    16  stm32f2xx_adc.o(.text)
    ADC_ExternalTrigInjectedConvEdgeConfig   0x08002bc3   Thumb Code    16  stm32f2xx_adc.o(.text)
    ADC_SoftwareStartInjectedConv            0x08002bd3   Thumb Code    10  stm32f2xx_adc.o(.text)
    ADC_GetSoftwareStartInjectedConvCmdStatus 0x08002bdd   Thumb Code    20  stm32f2xx_adc.o(.text)
    ADC_AutoInjectedConvCmd                  0x08002bf1   Thumb Code    22  stm32f2xx_adc.o(.text)
    ADC_InjectedDiscModeCmd                  0x08002c07   Thumb Code    22  stm32f2xx_adc.o(.text)
    ADC_GetInjectedConversionValue           0x08002c1d   Thumb Code    28  stm32f2xx_adc.o(.text)
    ADC_ITConfig                             0x08002c39   Thumb Code    60  stm32f2xx_adc.o(.text)
    ADC_GetFlagStatus                        0x08002c75   Thumb Code    18  stm32f2xx_adc.o(.text)
    ADC_ClearFlag                            0x08002c87   Thumb Code     6  stm32f2xx_adc.o(.text)
    ADC_GetITStatus                          0x08002c8d   Thumb Code    38  stm32f2xx_adc.o(.text)
    ADC_ClearITPendingBit                    0x08002cb3   Thumb Code    10  stm32f2xx_adc.o(.text)
    CAN_DeInit                               0x08002cbd   Thumb Code    50  stm32f2xx_can.o(.text)
    CAN_Init                                 0x08002cef   Thumb Code   276  stm32f2xx_can.o(.text)
    CAN_FilterInit                           0x08002e03   Thumb Code   258  stm32f2xx_can.o(.text)
    CAN_StructInit                           0x08002f05   Thumb Code    32  stm32f2xx_can.o(.text)
    CAN_SlaveStartBank                       0x08002f25   Thumb Code    48  stm32f2xx_can.o(.text)
    CAN_DBGFreeze                            0x08002f55   Thumb Code    22  stm32f2xx_can.o(.text)
    CAN_TTComModeCmd                         0x08002f6b   Thumb Code   118  stm32f2xx_can.o(.text)
    CAN_Transmit                             0x08002fe1   Thumb Code   304  stm32f2xx_can.o(.text)
    CAN_TransmitStatus                       0x08003111   Thumb Code   138  stm32f2xx_can.o(.text)
    CAN_CancelTransmit                       0x0800319b   Thumb Code    48  stm32f2xx_can.o(.text)
    CAN_Receive                              0x080031cb   Thumb Code   240  stm32f2xx_can.o(.text)
    CAN_FIFORelease                          0x080032bb   Thumb Code    22  stm32f2xx_can.o(.text)
    CAN_MessagePending                       0x080032d1   Thumb Code    30  stm32f2xx_can.o(.text)
    CAN_OperatingModeRequest                 0x080032ef   Thumb Code   162  stm32f2xx_can.o(.text)
    CAN_Sleep                                0x08003391   Thumb Code    30  stm32f2xx_can.o(.text)
    CAN_WakeUp                               0x080033af   Thumb Code    48  stm32f2xx_can.o(.text)
    CAN_GetLastErrorCode                     0x080033df   Thumb Code    12  stm32f2xx_can.o(.text)
    CAN_GetReceiveErrorCounter               0x080033eb   Thumb Code    10  stm32f2xx_can.o(.text)
    CAN_GetLSBTransmitErrorCounter           0x080033f5   Thumb Code    12  stm32f2xx_can.o(.text)
    CAN_ITConfig                             0x08003401   Thumb Code    18  stm32f2xx_can.o(.text)
    CAN_GetFlagStatus                        0x08003413   Thumb Code   120  stm32f2xx_can.o(.text)
    CAN_ClearFlag                            0x0800348b   Thumb Code    52  stm32f2xx_can.o(.text)
    CAN_GetITStatus                          0x080034cf   Thumb Code   308  stm32f2xx_can.o(.text)
    CAN_ClearITPendingBit                    0x08003603   Thumb Code   162  stm32f2xx_can.o(.text)
    DMA_DeInit                               0x080036a9   Thumb Code   324  stm32f2xx_dma.o(.text)
    DMA_Init                                 0x080037ed   Thumb Code    82  stm32f2xx_dma.o(.text)
    DMA_StructInit                           0x0800383f   Thumb Code    34  stm32f2xx_dma.o(.text)
    DMA_Cmd                                  0x08003861   Thumb Code    22  stm32f2xx_dma.o(.text)
    DMA_PeriphIncOffsetSizeConfig            0x08003877   Thumb Code    22  stm32f2xx_dma.o(.text)
    DMA_FlowControllerConfig                 0x0800388d   Thumb Code    22  stm32f2xx_dma.o(.text)
    DMA_SetCurrDataCounter                   0x080038a3   Thumb Code     4  stm32f2xx_dma.o(.text)
    DMA_GetCurrDataCounter                   0x080038a7   Thumb Code     8  stm32f2xx_dma.o(.text)
    DMA_DoubleBufferModeConfig               0x080038af   Thumb Code    24  stm32f2xx_dma.o(.text)
    DMA_DoubleBufferModeCmd                  0x080038c7   Thumb Code    22  stm32f2xx_dma.o(.text)
    DMA_MemoryTargetConfig                   0x080038dd   Thumb Code    10  stm32f2xx_dma.o(.text)
    DMA_GetCurrentMemoryTarget               0x080038e7   Thumb Code    20  stm32f2xx_dma.o(.text)
    DMA_GetCmdStatus                         0x080038fb   Thumb Code    20  stm32f2xx_dma.o(.text)
    DMA_GetFIFOStatus                        0x0800390f   Thumb Code    12  stm32f2xx_dma.o(.text)
    DMA_GetFlagStatus                        0x0800391b   Thumb Code    54  stm32f2xx_dma.o(.text)
    DMA_ClearFlag                            0x08003951   Thumb Code    40  stm32f2xx_dma.o(.text)
    DMA_ITConfig                             0x08003979   Thumb Code    58  stm32f2xx_dma.o(.text)
    DMA_GetITStatus                          0x080039b3   Thumb Code    82  stm32f2xx_dma.o(.text)
    DMA_ClearITPendingBit                    0x08003a05   Thumb Code    40  stm32f2xx_dma.o(.text)
    GPIO_DeInit                              0x08003a4d   Thumb Code   220  stm32f2xx_gpio.o(.text)
    GPIO_Init                                0x08003b29   Thumb Code   144  stm32f2xx_gpio.o(.text)
    GPIO_StructInit                          0x08003bb9   Thumb Code    18  stm32f2xx_gpio.o(.text)
    GPIO_PinLockConfig                       0x08003bcb   Thumb Code    34  stm32f2xx_gpio.o(.text)
    GPIO_ReadInputDataBit                    0x08003bed   Thumb Code    18  stm32f2xx_gpio.o(.text)
    GPIO_ReadInputData                       0x08003bff   Thumb Code     8  stm32f2xx_gpio.o(.text)
    GPIO_ReadOutputDataBit                   0x08003c07   Thumb Code    18  stm32f2xx_gpio.o(.text)
    GPIO_ReadOutputData                      0x08003c19   Thumb Code     8  stm32f2xx_gpio.o(.text)
    GPIO_SetBits                             0x08003c21   Thumb Code     4  stm32f2xx_gpio.o(.text)
    GPIO_ResetBits                           0x08003c25   Thumb Code     4  stm32f2xx_gpio.o(.text)
    GPIO_WriteBit                            0x08003c29   Thumb Code    10  stm32f2xx_gpio.o(.text)
    GPIO_Write                               0x08003c33   Thumb Code     4  stm32f2xx_gpio.o(.text)
    GPIO_ToggleBits                          0x08003c37   Thumb Code     8  stm32f2xx_gpio.o(.text)
    GPIO_PinAFConfig                         0x08003c3f   Thumb Code    70  stm32f2xx_gpio.o(.text)
    I2C_DeInit                               0x08003ca9   Thumb Code    82  stm32f2xx_i2c.o(.text)
    I2C_Init                                 0x08003cfb   Thumb Code   218  stm32f2xx_i2c.o(.text)
    I2C_StructInit                           0x08003dd5   Thumb Code    30  stm32f2xx_i2c.o(.text)
    I2C_Cmd                                  0x08003df3   Thumb Code    24  stm32f2xx_i2c.o(.text)
    I2C_GenerateSTART                        0x08003e0b   Thumb Code    24  stm32f2xx_i2c.o(.text)
    I2C_GenerateSTOP                         0x08003e23   Thumb Code    24  stm32f2xx_i2c.o(.text)
    I2C_Send7bitAddress                      0x08003e3b   Thumb Code    16  stm32f2xx_i2c.o(.text)
    I2C_AcknowledgeConfig                    0x08003e4b   Thumb Code    24  stm32f2xx_i2c.o(.text)
    I2C_OwnAddress2Config                    0x08003e63   Thumb Code    22  stm32f2xx_i2c.o(.text)
    I2C_DualAddressCmd                       0x08003e79   Thumb Code    24  stm32f2xx_i2c.o(.text)
    I2C_GeneralCallCmd                       0x08003e91   Thumb Code    24  stm32f2xx_i2c.o(.text)
    I2C_SoftwareResetCmd                     0x08003ea9   Thumb Code    22  stm32f2xx_i2c.o(.text)
    I2C_StretchClockCmd                      0x08003ebf   Thumb Code    24  stm32f2xx_i2c.o(.text)
    I2C_FastModeDutyCycleConfig              0x08003ed7   Thumb Code    28  stm32f2xx_i2c.o(.text)
    I2C_NACKPositionConfig                   0x08003ef3   Thumb Code    28  stm32f2xx_i2c.o(.text)
    I2C_SMBusAlertConfig                     0x08003f0f   Thumb Code    28  stm32f2xx_i2c.o(.text)
    I2C_ARPCmd                               0x08003f2b   Thumb Code    24  stm32f2xx_i2c.o(.text)
    I2C_SendData                             0x08003f43   Thumb Code     4  stm32f2xx_i2c.o(.text)
    I2C_ReceiveData                          0x08003f47   Thumb Code     8  stm32f2xx_i2c.o(.text)
    I2C_TransmitPEC                          0x08003f4f   Thumb Code    24  stm32f2xx_i2c.o(.text)
    I2C_PECPositionConfig                    0x08003f67   Thumb Code    28  stm32f2xx_i2c.o(.text)
    I2C_CalculatePEC                         0x08003f83   Thumb Code    24  stm32f2xx_i2c.o(.text)
    I2C_GetPEC                               0x08003f9b   Thumb Code     8  stm32f2xx_i2c.o(.text)
    I2C_DMACmd                               0x08003fa3   Thumb Code    24  stm32f2xx_i2c.o(.text)
    I2C_DMALastTransferCmd                   0x08003fbb   Thumb Code    24  stm32f2xx_i2c.o(.text)
    I2C_ReadRegister                         0x08003fd3   Thumb Code    22  stm32f2xx_i2c.o(.text)
    I2C_ITConfig                             0x08003fe9   Thumb Code    18  stm32f2xx_i2c.o(.text)
    I2C_CheckEvent                           0x08003ffb   Thumb Code    42  stm32f2xx_i2c.o(.text)
    I2C_GetLastEvent                         0x08004025   Thumb Code    26  stm32f2xx_i2c.o(.text)
    I2C_GetFlagStatus                        0x0800403f   Thumb Code    58  stm32f2xx_i2c.o(.text)
    I2C_ClearFlag                            0x08004079   Thumb Code    12  stm32f2xx_i2c.o(.text)
    I2C_GetITStatus                          0x08004085   Thumb Code    64  stm32f2xx_i2c.o(.text)
    I2C_ClearITPendingBit                    0x080040c5   Thumb Code    12  stm32f2xx_i2c.o(.text)
    RCC_DeInit                               0x080040d1   Thumb Code    60  stm32f2xx_rcc.o(.text)
    RCC_HSEConfig                            0x0800410d   Thumb Code    14  stm32f2xx_rcc.o(.text)
    RCC_GetFlagStatus                        0x0800411b   Thumb Code    60  stm32f2xx_rcc.o(.text)
    RCC_WaitForHSEStartUp                    0x08004157   Thumb Code    56  stm32f2xx_rcc.o(.text)
    RCC_AdjustHSICalibrationValue            0x0800418f   Thumb Code    20  stm32f2xx_rcc.o(.text)
    RCC_HSICmd                               0x080041a3   Thumb Code     6  stm32f2xx_rcc.o(.text)
    RCC_LSEConfig                            0x080041a9   Thumb Code    46  stm32f2xx_rcc.o(.text)
    RCC_LSICmd                               0x080041d7   Thumb Code     6  stm32f2xx_rcc.o(.text)
    RCC_PLLConfig                            0x080041dd   Thumb Code    32  stm32f2xx_rcc.o(.text)
    RCC_PLLCmd                               0x080041fd   Thumb Code     6  stm32f2xx_rcc.o(.text)
    RCC_PLLI2SConfig                         0x08004203   Thumb Code    14  stm32f2xx_rcc.o(.text)
    RCC_PLLI2SCmd                            0x08004211   Thumb Code     6  stm32f2xx_rcc.o(.text)
    RCC_ClockSecuritySystemCmd               0x08004217   Thumb Code     6  stm32f2xx_rcc.o(.text)
    RCC_MCO1Config                           0x0800421d   Thumb Code    28  stm32f2xx_rcc.o(.text)
    RCC_MCO2Config                           0x08004239   Thumb Code    28  stm32f2xx_rcc.o(.text)
    RCC_SYSCLKConfig                         0x08004255   Thumb Code    20  stm32f2xx_rcc.o(.text)
    RCC_GetSYSCLKSource                      0x08004269   Thumb Code    12  stm32f2xx_rcc.o(.text)
    RCC_HCLKConfig                           0x08004275   Thumb Code    20  stm32f2xx_rcc.o(.text)
    RCC_PCLK1Config                          0x08004289   Thumb Code    20  stm32f2xx_rcc.o(.text)
    RCC_PCLK2Config                          0x0800429d   Thumb Code    22  stm32f2xx_rcc.o(.text)
    RCC_GetClocksFreq                        0x080042b3   Thumb Code   222  stm32f2xx_rcc.o(.text)
    RCC_RTCCLKConfig                         0x08004391   Thumb Code    54  stm32f2xx_rcc.o(.text)
    RCC_RTCCLKCmd                            0x080043c7   Thumb Code     8  stm32f2xx_rcc.o(.text)
    RCC_BackupResetCmd                       0x080043cf   Thumb Code     8  stm32f2xx_rcc.o(.text)
    RCC_I2SCLKConfig                         0x080043d7   Thumb Code     6  stm32f2xx_rcc.o(.text)
    RCC_AHB1PeriphClockCmd                   0x080043dd   Thumb Code    34  stm32f2xx_rcc.o(.text)
    RCC_AHB2PeriphClockCmd                   0x080043ff   Thumb Code    34  stm32f2xx_rcc.o(.text)
    RCC_AHB3PeriphClockCmd                   0x08004421   Thumb Code    34  stm32f2xx_rcc.o(.text)
    RCC_APB1PeriphClockCmd                   0x08004443   Thumb Code    34  stm32f2xx_rcc.o(.text)
    RCC_APB2PeriphClockCmd                   0x08004465   Thumb Code    34  stm32f2xx_rcc.o(.text)
    RCC_AHB1PeriphResetCmd                   0x08004487   Thumb Code    34  stm32f2xx_rcc.o(.text)
    RCC_AHB2PeriphResetCmd                   0x080044a9   Thumb Code    72  stm32f2xx_rcc.o(.text)
    RCC_AHB3PeriphResetCmd                   0x080044f1   Thumb Code    34  stm32f2xx_rcc.o(.text)
    RCC_APB1PeriphResetCmd                   0x08004513   Thumb Code    34  stm32f2xx_rcc.o(.text)
    RCC_APB2PeriphResetCmd                   0x08004535   Thumb Code    34  stm32f2xx_rcc.o(.text)
    RCC_AHB1PeriphClockLPModeCmd             0x08004557   Thumb Code    34  stm32f2xx_rcc.o(.text)
    RCC_AHB2PeriphClockLPModeCmd             0x08004579   Thumb Code    34  stm32f2xx_rcc.o(.text)
    RCC_AHB3PeriphClockLPModeCmd             0x0800459b   Thumb Code    34  stm32f2xx_rcc.o(.text)
    RCC_APB1PeriphClockLPModeCmd             0x080045bd   Thumb Code    34  stm32f2xx_rcc.o(.text)
    RCC_APB2PeriphClockLPModeCmd             0x080045df   Thumb Code    34  stm32f2xx_rcc.o(.text)
    RCC_ITConfig                             0x08004601   Thumb Code    34  stm32f2xx_rcc.o(.text)
    RCC_ClearFlag                            0x08004623   Thumb Code    18  stm32f2xx_rcc.o(.text)
    RCC_GetITStatus                          0x08004635   Thumb Code    22  stm32f2xx_rcc.o(.text)
    RCC_ClearITPendingBit                    0x0800464b   Thumb Code     8  stm32f2xx_rcc.o(.text)
    TIM_DeInit                               0x08004659   Thumb Code   346  stm32f2xx_tim.o(.text)
    TIM_TimeBaseInit                         0x080047b3   Thumb Code   104  stm32f2xx_tim.o(.text)
    TIM_TimeBaseStructInit                   0x0800481b   Thumb Code    18  stm32f2xx_tim.o(.text)
    TIM_PrescalerConfig                      0x0800482d   Thumb Code     6  stm32f2xx_tim.o(.text)
    TIM_CounterModeConfig                    0x08004833   Thumb Code    18  stm32f2xx_tim.o(.text)
    TIM_SetCounter                           0x08004845   Thumb Code     4  stm32f2xx_tim.o(.text)
    TIM_SetAutoreload                        0x08004849   Thumb Code     4  stm32f2xx_tim.o(.text)
    TIM_GetCounter                           0x0800484d   Thumb Code     6  stm32f2xx_tim.o(.text)
    TIM_GetPrescaler                         0x08004853   Thumb Code     6  stm32f2xx_tim.o(.text)
    TIM_UpdateDisableConfig                  0x08004859   Thumb Code    24  stm32f2xx_tim.o(.text)
    TIM_UpdateRequestConfig                  0x08004871   Thumb Code    24  stm32f2xx_tim.o(.text)
    TIM_ARRPreloadConfig                     0x08004889   Thumb Code    24  stm32f2xx_tim.o(.text)
    TIM_SelectOnePulseMode                   0x080048a1   Thumb Code    18  stm32f2xx_tim.o(.text)
    TIM_SetClockDivision                     0x080048b3   Thumb Code    18  stm32f2xx_tim.o(.text)
    TIM_Cmd                                  0x080048c5   Thumb Code    24  stm32f2xx_tim.o(.text)
    TIM_OC1Init                              0x080048dd   Thumb Code   114  stm32f2xx_tim.o(.text)
    TIM_OC2Init                              0x0800494f   Thumb Code   154  stm32f2xx_tim.o(.text)
    TIM_OC3Init                              0x080049e9   Thumb Code   204  stm32f2xx_tim.o(.text)
    TIM_OC4Init                              0x08004ab5   Thumb Code   112  stm32f2xx_tim.o(.text)
    TIM_OCStructInit                         0x08004b25   Thumb Code    20  stm32f2xx_tim.o(.text)
    TIM_SelectOCxM                           0x08004b39   Thumb Code    86  stm32f2xx_tim.o(.text)
    TIM_SetCompare1                          0x08004b8f   Thumb Code     4  stm32f2xx_tim.o(.text)
    TIM_SetCompare2                          0x08004b93   Thumb Code     4  stm32f2xx_tim.o(.text)
    TIM_SetCompare3                          0x08004b97   Thumb Code     4  stm32f2xx_tim.o(.text)
    TIM_SetCompare4                          0x08004b9b   Thumb Code     4  stm32f2xx_tim.o(.text)
    TIM_ForcedOC1Config                      0x08004b9f   Thumb Code    18  stm32f2xx_tim.o(.text)
    TIM_ForcedOC2Config                      0x08004bb1   Thumb Code    26  stm32f2xx_tim.o(.text)
    TIM_ForcedOC3Config                      0x08004bcb   Thumb Code    18  stm32f2xx_tim.o(.text)
    TIM_ForcedOC4Config                      0x08004bdd   Thumb Code    26  stm32f2xx_tim.o(.text)
    TIM_OC1PreloadConfig                     0x08004bf7   Thumb Code    18  stm32f2xx_tim.o(.text)
    TIM_OC2PreloadConfig                     0x08004c09   Thumb Code    26  stm32f2xx_tim.o(.text)
    TIM_OC3PreloadConfig                     0x08004c23   Thumb Code    18  stm32f2xx_tim.o(.text)
    TIM_OC4PreloadConfig                     0x08004c35   Thumb Code    26  stm32f2xx_tim.o(.text)
    TIM_OC1FastConfig                        0x08004c4f   Thumb Code    18  stm32f2xx_tim.o(.text)
    TIM_OC2FastConfig                        0x08004c61   Thumb Code    26  stm32f2xx_tim.o(.text)
    TIM_OC3FastConfig                        0x08004c7b   Thumb Code    18  stm32f2xx_tim.o(.text)
    TIM_OC4FastConfig                        0x08004c8d   Thumb Code    26  stm32f2xx_tim.o(.text)
    TIM_ClearOC1Ref                          0x08004ca7   Thumb Code    18  stm32f2xx_tim.o(.text)
    TIM_ClearOC2Ref                          0x08004cb9   Thumb Code    24  stm32f2xx_tim.o(.text)
    TIM_ClearOC3Ref                          0x08004cd1   Thumb Code    18  stm32f2xx_tim.o(.text)
    TIM_ClearOC4Ref                          0x08004ce3   Thumb Code    24  stm32f2xx_tim.o(.text)
    TIM_OC1PolarityConfig                    0x08004cfb   Thumb Code    18  stm32f2xx_tim.o(.text)
    TIM_OC1NPolarityConfig                   0x08004d0d   Thumb Code    18  stm32f2xx_tim.o(.text)
    TIM_OC2PolarityConfig                    0x08004d1f   Thumb Code    26  stm32f2xx_tim.o(.text)
    TIM_OC2NPolarityConfig                   0x08004d39   Thumb Code    26  stm32f2xx_tim.o(.text)
    TIM_OC3PolarityConfig                    0x08004d53   Thumb Code    26  stm32f2xx_tim.o(.text)
    TIM_OC3NPolarityConfig                   0x08004d6d   Thumb Code    26  stm32f2xx_tim.o(.text)
    TIM_OC4PolarityConfig                    0x08004d87   Thumb Code    26  stm32f2xx_tim.o(.text)
    TIM_CCxCmd                               0x08004da1   Thumb Code    30  stm32f2xx_tim.o(.text)
    TIM_CCxNCmd                              0x08004dbf   Thumb Code    30  stm32f2xx_tim.o(.text)
    TIM_SetIC4Prescaler                      0x08004ddd   Thumb Code    26  stm32f2xx_tim.o(.text)
    TIM_SetIC3Prescaler                      0x08004e47   Thumb Code    18  stm32f2xx_tim.o(.text)
    TIM_SetIC2Prescaler                      0x08004ea1   Thumb Code    26  stm32f2xx_tim.o(.text)
    TIM_SetIC1Prescaler                      0x08004f15   Thumb Code    18  stm32f2xx_tim.o(.text)
    TIM_ICInit                               0x08004f61   Thumb Code   110  stm32f2xx_tim.o(.text)
    TIM_ICStructInit                         0x08004fcf   Thumb Code    18  stm32f2xx_tim.o(.text)
    TIM_PWMIConfig                           0x08004fe1   Thumb Code   124  stm32f2xx_tim.o(.text)
    TIM_GetCapture1                          0x0800505d   Thumb Code     6  stm32f2xx_tim.o(.text)
    TIM_GetCapture2                          0x08005063   Thumb Code     6  stm32f2xx_tim.o(.text)
    TIM_GetCapture3                          0x08005069   Thumb Code     6  stm32f2xx_tim.o(.text)
    TIM_GetCapture4                          0x0800506f   Thumb Code     6  stm32f2xx_tim.o(.text)
    TIM_BDTRConfig                           0x08005075   Thumb Code    32  stm32f2xx_tim.o(.text)
    TIM_BDTRStructInit                       0x08005095   Thumb Code    18  stm32f2xx_tim.o(.text)
    TIM_CtrlPWMOutputs                       0x080050a7   Thumb Code    30  stm32f2xx_tim.o(.text)
    TIM_SelectCOM                            0x080050c5   Thumb Code    24  stm32f2xx_tim.o(.text)
    TIM_CCPreloadControl                     0x080050dd   Thumb Code    24  stm32f2xx_tim.o(.text)
    TIM_ITConfig                             0x080050f5   Thumb Code    18  stm32f2xx_tim.o(.text)
    TIM_GenerateEvent                        0x08005107   Thumb Code     4  stm32f2xx_tim.o(.text)
    TIM_GetFlagStatus                        0x0800510b   Thumb Code    18  stm32f2xx_tim.o(.text)
    TIM_ClearFlag                            0x0800511d   Thumb Code     6  stm32f2xx_tim.o(.text)
    TIM_GetITStatus                          0x08005123   Thumb Code    34  stm32f2xx_tim.o(.text)
    TIM_ClearITPendingBit                    0x08005145   Thumb Code     6  stm32f2xx_tim.o(.text)
    TIM_DMAConfig                            0x0800514b   Thumb Code    10  stm32f2xx_tim.o(.text)
    TIM_DMACmd                               0x08005155   Thumb Code    18  stm32f2xx_tim.o(.text)
    TIM_SelectCCDMA                          0x08005167   Thumb Code    24  stm32f2xx_tim.o(.text)
    TIM_InternalClockConfig                  0x0800517f   Thumb Code    12  stm32f2xx_tim.o(.text)
    TIM_SelectInputTrigger                   0x0800518b   Thumb Code    18  stm32f2xx_tim.o(.text)
    TIM_ITRxExternalClockConfig              0x0800519d   Thumb Code    24  stm32f2xx_tim.o(.text)
    TIM_TIxExternalClockConfig               0x080051b5   Thumb Code    62  stm32f2xx_tim.o(.text)
    TIM_ETRConfig                            0x080051f3   Thumb Code    28  stm32f2xx_tim.o(.text)
    TIM_ETRClockMode1Config                  0x0800520f   Thumb Code    54  stm32f2xx_tim.o(.text)
    TIM_ETRClockMode2Config                  0x08005245   Thumb Code    32  stm32f2xx_tim.o(.text)
    TIM_SelectOutputTrigger                  0x08005265   Thumb Code    18  stm32f2xx_tim.o(.text)
    TIM_SelectSlaveMode                      0x08005277   Thumb Code    18  stm32f2xx_tim.o(.text)
    TIM_SelectMasterSlaveMode                0x08005289   Thumb Code    18  stm32f2xx_tim.o(.text)
    TIM_EncoderInterfaceConfig               0x0800529b   Thumb Code    66  stm32f2xx_tim.o(.text)
    TIM_SelectHallSensor                     0x080052dd   Thumb Code    24  stm32f2xx_tim.o(.text)
    TIM_RemapConfig                          0x080052f5   Thumb Code     6  stm32f2xx_tim.o(.text)
    USART_DeInit                             0x080052fd   Thumb Code   156  stm32f2xx_usart.o(.text)
    USART_Init                               0x08005399   Thumb Code   204  stm32f2xx_usart.o(.text)
    USART_StructInit                         0x08005465   Thumb Code    24  stm32f2xx_usart.o(.text)
    USART_ClockInit                          0x0800547d   Thumb Code    32  stm32f2xx_usart.o(.text)
    USART_ClockStructInit                    0x0800549d   Thumb Code    12  stm32f2xx_usart.o(.text)
    USART_Cmd                                0x080054a9   Thumb Code    24  stm32f2xx_usart.o(.text)
    USART_SetPrescaler                       0x080054c1   Thumb Code    16  stm32f2xx_usart.o(.text)
    USART_OverSampling8Cmd                   0x080054d1   Thumb Code    22  stm32f2xx_usart.o(.text)
    USART_OneBitMethodCmd                    0x080054e7   Thumb Code    24  stm32f2xx_usart.o(.text)
    USART_SendData                           0x080054ff   Thumb Code     8  stm32f2xx_usart.o(.text)
    USART_ReceiveData                        0x08005507   Thumb Code    10  stm32f2xx_usart.o(.text)
    USART_SetAddress                         0x08005511   Thumb Code    18  stm32f2xx_usart.o(.text)
    USART_ReceiverWakeUpCmd                  0x08005523   Thumb Code    24  stm32f2xx_usart.o(.text)
    USART_WakeUpConfig                       0x0800553b   Thumb Code    18  stm32f2xx_usart.o(.text)
    USART_LINBreakDetectLengthConfig         0x0800554d   Thumb Code    18  stm32f2xx_usart.o(.text)
    USART_LINCmd                             0x0800555f   Thumb Code    24  stm32f2xx_usart.o(.text)
    USART_SendBreak                          0x08005577   Thumb Code    10  stm32f2xx_usart.o(.text)
    USART_HalfDuplexCmd                      0x08005581   Thumb Code    24  stm32f2xx_usart.o(.text)
    USART_SetGuardTime                       0x08005599   Thumb Code    16  stm32f2xx_usart.o(.text)
    USART_SmartCardCmd                       0x080055a9   Thumb Code    24  stm32f2xx_usart.o(.text)
    USART_SmartCardNACKCmd                   0x080055c1   Thumb Code    24  stm32f2xx_usart.o(.text)
    USART_IrDAConfig                         0x080055d9   Thumb Code    18  stm32f2xx_usart.o(.text)
    USART_IrDACmd                            0x080055eb   Thumb Code    24  stm32f2xx_usart.o(.text)
    USART_DMACmd                             0x08005603   Thumb Code    18  stm32f2xx_usart.o(.text)
    USART_ITConfig                           0x08005615   Thumb Code    74  stm32f2xx_usart.o(.text)
    USART_GetFlagStatus                      0x0800565f   Thumb Code    26  stm32f2xx_usart.o(.text)
    USART_ClearFlag                          0x08005679   Thumb Code    18  stm32f2xx_usart.o(.text)
    USART_GetITStatus                        0x0800568b   Thumb Code   110  stm32f2xx_usart.o(.text)
    USART_ClearITPendingBit                  0x080056f9   Thumb Code    30  stm32f2xx_usart.o(.text)
    __aeabi_memset                           0x08005717   Thumb Code    14  memseta.o(.text)
    __aeabi_memset4                          0x08005717   Thumb Code     0  memseta.o(.text)
    __aeabi_memset8                          0x08005717   Thumb Code     0  memseta.o(.text)
    __aeabi_memclr                           0x08005725   Thumb Code     4  memseta.o(.text)
    __aeabi_memclr4                          0x08005725   Thumb Code     0  memseta.o(.text)
    __aeabi_memclr8                          0x08005725   Thumb Code     0  memseta.o(.text)
    _memset$wrapper                          0x08005729   Thumb Code    18  memseta.o(.text)
    memcmp                                   0x0800573b   Thumb Code    26  memcmp.o(.text)
    __scatterload                            0x08005755   Thumb Code    28  init.o(.text)
    __scatterload_rt2                        0x08005755   Thumb Code     0  init.o(.text)
    __decompress                             0x08005779   Thumb Code     0  __dczerorl2.o(.text)
    __decompress1                            0x08005779   Thumb Code    92  __dczerorl2.o(.text)
    __0printf$bare                           0x080057d5   Thumb Code     8  printfb.o(i.__0printf$bare)
    __1printf$bare                           0x080057d5   Thumb Code     0  printfb.o(i.__0printf$bare)
    __2printf                                0x080057d5   Thumb Code     0  printfb.o(i.__0printf$bare)
    __scatterload_copy                       0x080057e5   Thumb Code    14  handlers.o(i.__scatterload_copy)
    __scatterload_null                       0x080057f3   Thumb Code     2  handlers.o(i.__scatterload_null)
    __scatterload_zeroinit                   0x080057f5   Thumb Code    14  handlers.o(i.__scatterload_zeroinit)
    RXD_1                                    0x08005824   Data           3  command.o(.constdata)
    RXD_2                                    0x08005827   Data           9  command.o(.constdata)
    RXD_3                                    0x08005830   Data           3  command.o(.constdata)
    RXD_4                                    0x08005833   Data           3  command.o(.constdata)
    TXD_1                                    0x08005836   Data          15  command.o(.constdata)
    TXD_2                                    0x08005845   Data           6  command.o(.constdata)
    TXD_3                                    0x0800584b   Data           6  command.o(.constdata)
    TXD_4                                    0x08005851   Data           7  command.o(.constdata)
    Start_RXD_1                              0x08005858   Data           4  command.o(.constdata)
    Start_RXD_2                              0x0800585c   Data           4  command.o(.constdata)
    Start_RXD_3                              0x08005860   Data           4  command.o(.constdata)
    Start_RXD_4                              0x08005864   Data          11  command.o(.constdata)
    Start_RXD_5                              0x0800586f   Data          12  command.o(.constdata)
    Start_RXD_6                              0x0800587b   Data          13  command.o(.constdata)
    Start_RXD_7                              0x08005888   Data           3  command.o(.constdata)
    Start_RXD_8                              0x0800588b   Data           3  command.o(.constdata)
    Start_RXD_9                              0x0800588e   Data          13  command.o(.constdata)
    Start_RXD_10                             0x0800589b   Data          12  command.o(.constdata)
    Start_RXD_11                             0x080058a7   Data          13  command.o(.constdata)
    Start_RXD_12                             0x080058b4   Data          13  command.o(.constdata)
    Start_RXD_13                             0x080058c1   Data          12  command.o(.constdata)
    Start_RXD_14                             0x080058cd   Data           4  command.o(.constdata)
    Start_RXD_15                             0x080058d1   Data           4  command.o(.constdata)
    Start_RXD_16                             0x080058d5   Data           4  command.o(.constdata)
    Start_RXD_17                             0x080058d9   Data           4  command.o(.constdata)
    Start_RXD_18                             0x080058dd   Data           4  command.o(.constdata)
    Start_RXD_19                             0x080058e1   Data           4  command.o(.constdata)
    Start_RXD_20                             0x080058e5   Data           4  command.o(.constdata)
    Start_RXD_21                             0x080058e9   Data           3  command.o(.constdata)
    Start_RXD_22                             0x080058ec   Data           3  command.o(.constdata)
    Start_RXD_23                             0x080058ef   Data           4  command.o(.constdata)
    Start_TXD_1                              0x080058f3   Data           6  command.o(.constdata)
    Start_TXD_2                              0x080058f9   Data           6  command.o(.constdata)
    Start_TXD_3                              0x080058ff   Data           6  command.o(.constdata)
    Start_TXD_4                              0x08005905   Data           6  command.o(.constdata)
    Start_TXD_5                              0x0800590b   Data           6  command.o(.constdata)
    Start_TXD_6                              0x08005911   Data           6  command.o(.constdata)
    Start_TXD_7                              0x08005917   Data           6  command.o(.constdata)
    Start_TXD_8                              0x0800591d   Data           7  command.o(.constdata)
    Start_TXD_9                              0x08005924   Data           6  command.o(.constdata)
    Start_TXD_10                             0x0800592a   Data           6  command.o(.constdata)
    Start_TXD_11                             0x08005930   Data           6  command.o(.constdata)
    Start_TXD_12                             0x08005936   Data           6  command.o(.constdata)
    Start_TXD_13                             0x0800593c   Data           6  command.o(.constdata)
    Start_TXD_14                             0x08005942   Data          22  command.o(.constdata)
    Start_TXD_15                             0x08005958   Data          22  command.o(.constdata)
    Start_TXD_16                             0x0800596e   Data          22  command.o(.constdata)
    Start_TXD_17                             0x08005984   Data          22  command.o(.constdata)
    Start_TXD_18                             0x0800599a   Data          22  command.o(.constdata)
    Start_TXD_19                             0x080059b0   Data          22  command.o(.constdata)
    Start_TXD_20                             0x080059c6   Data          37  command.o(.constdata)
    Start_TXD_21                             0x080059eb   Data           7  command.o(.constdata)
    Start_TXD_22                             0x080059f2   Data          15  command.o(.constdata)
    Start_TXD_23                             0x08005a01   Data          39  command.o(.constdata)
    Stop_RXD_1                               0x08005a28   Data           4  command.o(.constdata)
    Stop_RXD_2                               0x08005a2c   Data           3  command.o(.constdata)
    Stop_RXD_3                               0x08005a2f   Data           3  command.o(.constdata)
    Stop_RXD_4                               0x08005a32   Data           3  command.o(.constdata)
    Stop_RXD_5                               0x08005a35   Data           3  command.o(.constdata)
    Stop_TXD_1                               0x08005a38   Data           6  command.o(.constdata)
    Stop_TXD_2                               0x08005a3e   Data           6  command.o(.constdata)
    Stop_TXD_3                               0x08005a44   Data           7  command.o(.constdata)
    Stop_TXD_4                               0x08005a4b   Data           7  command.o(.constdata)
    Stop_TXD_5                               0x08005a52   Data          15  command.o(.constdata)
    Region$$Table$$Base                      0x08005a64   Number         0  anon$$obj.o(Region$$Table)
    Region$$Table$$Limit                     0x08005a84   Number         0  anon$$obj.o(Region$$Table)
    RS232_rec_counter                        0x2000000c   Data           4  uart.o(.data)
    StaBy_Flag                               0x20000010   Data           1  uart.o(.data)
    count                                    0x20000011   Data           1  uart.o(.data)
    Start_Flag                               0x20000012   Data           1  uart.o(.data)
    Stop_Flag                                0x20000013   Data           1  uart.o(.data)
    RS232_buff_bite                          0x20000014   Data           1  uart.o(.data)
    recstatu                                 0x20000015   Data           1  uart.o(.data)
    packerflag                               0x20000016   Data           1  uart.o(.data)
    Uart_Size                                0x20000017   Data           1  uart.o(.data)
    HEADER_ADDRESS_Write                     0x20000018   Data           1  i2c.o(.data)
    HEADER_ADDRESS_Read                      0x20000019   Data           1  i2c.o(.data)
    Counter                                  0x2000001a   Data           1  i2c.o(.data)
    Event                                    0x2000001c   Data           4  i2c.o(.data)
    GenerateStartStatus                      0x20000020   Data           1  i2c.o(.data)
    sEEAddress                               0x20000022   Data           2  i2c.o(.data)
    NumberOfByteToReceive                    0x20000024   Data           1  i2c.o(.data)
    NumberOfByteToTransmit                   0x20000025   Data           1  i2c.o(.data)
    TxBuffer                                 0x20000026   Data           1  i2c.o(.data)
    RxBuffer                                 0x20000027   Data           1  i2c.o(.data)
    TimeOut                                  0x20000028   Data           4  i2c.o(.data)
    Tx_Idx                                   0x2000002c   Data           1  i2c.o(.data)
    Rx_Idx                                   0x2000002d   Data           1  i2c.o(.data)
    MasterMode                               0x2000002e   Data           1  i2c.o(.data)
    sEEDataReadPointer                       0x20000030   Data           4  i2c.o(.data)
    sEEDataWritePointer                      0x20000034   Data           4  i2c.o(.data)
    sEETimeout                               0x20000038   Data           4  i2c.o(.data)
    sEEDataNum                               0x2000003c   Data           1  i2c.o(.data)
    ADC_ConvertedValue                       0x20000040   Data           4  adc.o(.data)
    sample_finish                            0x20000044   Data           1  adc.o(.data)
    sample_index                             0x20000045   Data           1  adc.o(.data)
    tim_2581                                 0x20000046   Data           2  adc.o(.data)
    sample_1                                 0x20000048   Data           4  adc.o(.data)
    sample_2                                 0x2000004c   Data           4  adc.o(.data)
    ReadBuffer                               0x20000050   Data           1  tsl2581.o(.data)
    Channel_0                                0x20000052   Data           2  tsl2581.o(.data)
    Channel_1                                0x20000054   Data           2  tsl2581.o(.data)
    lux                                      0x20000058   Data           4  tsl2581.o(.data)
    Temp_Save_Flag                           0x2000005c   Data           1  manage.o(.data)
    CAN_COMMAND                              0x20000068   Data           6  can.o(.data)
    Can_Recieve_Flag                         0x2000006e   Data           1  can.o(.data)
    Ttable                                   0x20000070   Data        1448  ntc.o(.data)
    SystemCoreClock                          0x20000618   Data           4  system_stm32f2xx.o(.data)
    AHBPrescTable                            0x2000061c   Data          16  system_stm32f2xx.o(.data)
    __stdout                                 0x2000063c   Data           4  stdout.o(.data)
    RS232_buff                               0x20000654   Data         100  uart.o(.bss)
    sEEDMA_InitStructure                     0x200006b8   Data          60  i2c.o(.bss)
    TxMessage                                0x200006f4   Data          20  can.o(.bss)
    __initial_sp                             0x20000b08   Data           0  startup_stm32f2xx.o(STACK)



==============================================================================

Memory Map of the image

  Image Entry point : 0x08000185

  Load Region LR_IROM1 (Base: 0x08000000, Size: 0x000060c4, Max: 0x00080000, ABSOLUTE, COMPRESSED[0x00005e18])

    Execution Region ER_IROM1 (Base: 0x08000000, Size: 0x00005a84, Max: 0x00080000, ABSOLUTE)

    Base Addr    Size         Type   Attr      Idx    E Section Name        Object

    0x08000000   0x00000184   Data   RO          420    RESET               startup_stm32f2xx.o
    0x08000184   0x00000000   Code   RO          863  * .ARM.Collect$$$$00000000  mc_w.l(entry.o)
    0x08000184   0x00000004   Code   RO         1138    .ARM.Collect$$$$00000001  mc_w.l(entry2.o)
    0x08000188   0x00000004   Code   RO         1141    .ARM.Collect$$$$00000004  mc_w.l(entry5.o)
    0x0800018c   0x00000000   Code   RO         1143    .ARM.Collect$$$$00000008  mc_w.l(entry7b.o)
    0x0800018c   0x00000000   Code   RO         1145    .ARM.Collect$$$$0000000A  mc_w.l(entry8b.o)
    0x0800018c   0x00000008   Code   RO         1146    .ARM.Collect$$$$0000000B  mc_w.l(entry9a.o)
    0x08000194   0x00000000   Code   RO         1148    .ARM.Collect$$$$0000000D  mc_w.l(entry10a.o)
    0x08000194   0x00000000   Code   RO         1150    .ARM.Collect$$$$0000000F  mc_w.l(entry11a.o)
    0x08000194   0x00000004   Code   RO         1139    .ARM.Collect$$$$00002712  mc_w.l(entry2.o)
    0x08000198   0x00000050   Code   RO            1    .text               main.o
    0x080001e8   0x0000009c   Code   RO          138    .text               stm32f2xx_it.o
    0x08000284   0x00000150   Code   RO          152    .text               led.o
    0x080003d4   0x00000082   Code   RO          164    .text               nvic.o
    0x08000456   0x00000002   PAD
    0x08000458   0x000000e4   Code   RO          176    .text               systick.o
    0x0800053c   0x000001c4   Code   RO          194    .text               uart.o
    0x08000700   0x000007e0   Code   RO          213    .text               i2c.o
    0x08000ee0   0x00000304   Code   RO          244    .text               adc.o
    0x080011e4   0x0000057c   Code   RO          274    .text               tsl2581.o
    0x08001760   0x00000aec   Code   RO          330    .text               manage.o
    0x0800224c   0x0000013c   Code   RO          348    .text               can.o
    0x08002388   0x00000090   Code   RO          379    .text               ntc.o
    0x08002418   0x00000038   Code   RO          394    .text               relay.o
    0x08002450   0x00000114   Code   RO          406    .text               pwm.o
    0x08002564   0x00000024   Code   RO          421    .text               startup_stm32f2xx.o
    0x08002588   0x000001e0   Code   RO          426    .text               system_stm32f2xx.o
    0x08002768   0x000000e4   Code   RO          444    .text               misc.o
    0x0800284c   0x00000470   Code   RO          456    .text               stm32f2xx_adc.o
    0x08002cbc   0x000009ec   Code   RO          468    .text               stm32f2xx_can.o
    0x080036a8   0x000003a4   Code   RO          591    .text               stm32f2xx_dma.o
    0x08003a4c   0x0000025c   Code   RO          645    .text               stm32f2xx_gpio.o
    0x08003ca8   0x00000428   Code   RO          696    .text               stm32f2xx_i2c.o
    0x080040d0   0x00000588   Code   RO          738    .text               stm32f2xx_rcc.o
    0x08004658   0x00000ca2   Code   RO          824    .text               stm32f2xx_tim.o
    0x080052fa   0x00000002   PAD
    0x080052fc   0x0000041a   Code   RO          836    .text               stm32f2xx_usart.o
    0x08005716   0x00000024   Code   RO          866    .text               mc_w.l(memseta.o)
    0x0800573a   0x0000001a   Code   RO          868    .text               mc_w.l(memcmp.o)
    0x08005754   0x00000024   Code   RO         1170    .text               mc_w.l(init.o)
    0x08005778   0x0000005c   Code   RO         1186    .text               mc_w.l(__dczerorl2.o)
    0x080057d4   0x00000010   Code   RO          871    i.__0printf$bare    mc_w.l(printfb.o)
    0x080057e4   0x0000000e   Code   RO         1180    i.__scatterload_copy  mc_w.l(handlers.o)
    0x080057f2   0x00000002   Code   RO         1181    i.__scatterload_null  mc_w.l(handlers.o)
    0x080057f4   0x0000000e   Code   RO         1182    i.__scatterload_zeroinit  mc_w.l(handlers.o)
    0x08005802   0x00000022   Code   RO          878    i._printf_core      mc_w.l(printfb.o)
    0x08005824   0x0000023d   Data   RO          232    .constdata          command.o
    0x08005a61   0x00000003   PAD
    0x08005a64   0x00000020   Data   RO         1178    Region$$Table       anon$$obj.o


    Execution Region RW_IRAM1 (Base: 0x20000000, Size: 0x00000b08, Max: 0x00020000, ABSOLUTE, COMPRESSED[0x00000394])

    Base Addr    Size         Type   Attr      Idx    E Section Name        Object

    0x20000000   0x00000008   Data   RW          140    .data               stm32f2xx_it.o
    0x20000008   0x00000004   Data   RW          177    .data               systick.o
    0x2000000c   0x0000000c   Data   RW          196    .data               uart.o
    0x20000018   0x00000025   Data   RW          215    .data               i2c.o
    0x2000003d   0x00000003   PAD
    0x20000040   0x00000010   Data   RW          245    .data               adc.o
    0x20000050   0x0000000c   Data   RW          275    .data               tsl2581.o
    0x2000005c   0x0000000c   Data   RW          331    .data               manage.o
    0x20000068   0x00000007   Data   RW          350    .data               can.o
    0x2000006f   0x00000001   PAD
    0x20000070   0x000005a8   Data   RW          380    .data               ntc.o
    0x20000618   0x00000014   Data   RW          427    .data               system_stm32f2xx.o
    0x2000062c   0x00000010   Data   RW          739    .data               stm32f2xx_rcc.o
    0x2000063c   0x00000004   Data   RW         1152    .data               mc_w.l(stdout.o)
    0x20000640   0x00000014   Zero   RW          139    .bss                stm32f2xx_it.o
    0x20000654   0x00000064   Zero   RW          195    .bss                uart.o
    0x200006b8   0x0000003c   Zero   RW          214    .bss                i2c.o
    0x200006f4   0x00000014   Zero   RW          349    .bss                can.o
    0x20000708   0x00000400   Zero   RW          418    STACK               startup_stm32f2xx.o


==============================================================================

Image component sizes


      Code (inc. data)   RO Data    RW Data    ZI Data      Debug   Object Name

       772         42          0         16          0       2786   adc.o
       316         18          0          7         20       2488   can.o
         0          0        573          0          0       3560   command.o
      2016         80          0         37         60       8256   i2c.o
       336         18          0          0          0       1063   led.o
        80          8          0          0          0     298223   main.o
      2796        488          0         12          0       2752   manage.o
       228         22          0          0          0       1777   misc.o
       144          6          0       1448          0       1233   ntc.o
       130          0          0          0          0        510   nvic.o
       276         12          0          0          0        954   pwm.o
        56          4          0          0          0        466   relay.o
        36          8        388          0       1024        812   startup_stm32f2xx.o
      1136         28          0          0          0      10246   stm32f2xx_adc.o
      2540         38          0          0          0       7776   stm32f2xx_can.o
       932         32          0          0          0       6201   stm32f2xx_dma.o
       604         36          0          0          0       3873   stm32f2xx_gpio.o
      1064         26          0          0          0       7935   stm32f2xx_i2c.o
       156         28          0          8         20       1859   stm32f2xx_it.o
      1416         48          0         16          0      10815   stm32f2xx_rcc.o
      3234         60          0          0          0      22104   stm32f2xx_tim.o
      1050         26          0          0          0       7576   stm32f2xx_usart.o
       480         42          0         20          0       1691   system_stm32f2xx.o
       228         12          0          4          0      18410   systick.o
      1404         74          0         12          0       4476   tsl2581.o
       452         34          0         12        100       2687   uart.o

    ----------------------------------------------------------------------
     21886       1190        996       1596       1224     430529   Object Totals
         0          0         32          0          0          0   (incl. Generated)
         4          0          3          4          0          0   (incl. Padding)

    ----------------------------------------------------------------------

      Code (inc. data)   RO Data    RW Data    ZI Data      Debug   Library Member Name

        92          0          0          0          0          0   __dczerorl2.o
         0          0          0          0          0          0   entry.o
         0          0          0          0          0          0   entry10a.o
         0          0          0          0          0          0   entry11a.o
         8          4          0          0          0          0   entry2.o
         4          0          0          0          0          0   entry5.o
         0          0          0          0          0          0   entry7b.o
         0          0          0          0          0          0   entry8b.o
         8          4          0          0          0          0   entry9a.o
        30          0          0          0          0          0   handlers.o
        36          8          0          0          0         68   init.o
        26          0          0          0          0         80   memcmp.o
        36          0          0          0          0        108   memseta.o
        50          8          0          0          0        152   printfb.o
         0          0          0          4          0          0   stdout.o

    ----------------------------------------------------------------------
       290         24          0          4          0        408   Library Totals
         0          0          0          0          0          0   (incl. Padding)

    ----------------------------------------------------------------------

      Code (inc. data)   RO Data    RW Data    ZI Data      Debug   Library Name

       290         24          0          4          0        408   mc_w.l

    ----------------------------------------------------------------------
       290         24          0          4          0        408   Library Totals

    ----------------------------------------------------------------------

==============================================================================


      Code (inc. data)   RO Data    RW Data    ZI Data      Debug   

     22176       1214        996       1600       1224     428493   Grand Totals
     22176       1214        996        916       1224     428493   ELF Image Totals (compressed)
     22176       1214        996        916          0          0   ROM Totals

==============================================================================

    Total RO  Size (Code + RO Data)                23172 (  22.63kB)
    Total RW  Size (RW Data + ZI Data)              2824 (   2.76kB)
    Total ROM Size (Code + RO Data + RW Data)      24088 (  23.52kB)

==============================================================================

