<html>
<body>
<pre>
<h1>µVision Build Log</h1>
<h2>Project:</h2>
C:\Users\luoliang.YANFA\Desktop\BARCO-DB2K-10S-2017.8.15-NTC-CAN\Project\Can.uvproj
Project File Date:  09/15/2017

<h2>Output:</h2>
Build target 'STM32F207ZET6'
compiling main.c...
compiling stm32f2xx_it.c...
compiling led.c...
compiling nvic.c...
compiling systick.c...
compiling uart.c...
compiling i2c.c...
compiling command.c...
compiling adc.c...
compiling exit.c...
compiling tsl2581.c...
..\User\tsl2581.c(374): warning:  #186-D: pointless comparison of unsigned integer with zero
compiling ds18b20.c...
compiling ds18b20_1.c...
compiling manage.c...
..\User\manage.c(447): warning:  #550-D: variable "Ambient_Temp" was set but never used
compiling can.c...
compiling timer.c...
compiling ntc.c...
compiling relay.c...
compiling pwm.c...
..\User\pwm.c(47): error:  #268: declaration may not appear after executable statement in block
..\User\pwm.c(48): error:  #268: declaration may not appear after executable statement in block
..\User\pwm.c(82): warning:  #1-D: last line of file ends without a newline
".\Output\Can.axf" - 2 Errors, 3 Warning(s).
Target not created
Build target 'STM32F207ZET6'
compiling pwm.c...
..\User\pwm.c(80): warning:  #1-D: last line of file ends without a newline
linking...
Program Size: Code=21884 RO-data=996 RW-data=1600 ZI-data=1224  
FromELF: creating hex file...
".\Output\Can.axf" - 0 Errors, 1 Warning(s).
Build target 'STM32F207ZET6'
compiling pwm.c...
..\User\pwm.c(80): warning:  #1-D: last line of file ends without a newline
linking...
Program Size: Code=21884 RO-data=996 RW-data=1600 ZI-data=1224  
FromELF: creating hex file...
".\Output\Can.axf" - 0 Errors, 1 Warning(s).
Build target 'STM32F207ZET6'
compiling pwm.c...
..\User\pwm.c(82): warning:  #1-D: last line of file ends without a newline
linking...
Program Size: Code=21884 RO-data=996 RW-data=1600 ZI-data=1224  
FromELF: creating hex file...
".\Output\Can.axf" - 0 Errors, 1 Warning(s).
Build target 'STM32F207ZET6'
compiling main.c...
..\User\main.c(12): warning:  #223-D: function "TIM_Config" declared implicitly
..\User\main.c(13): warning:  #223-D: function "Pwm_Init" declared implicitly
compiling pwm.c...
..\User\pwm.c(82): warning:  #1-D: last line of file ends without a newline
linking...
Program Size: Code=22172 RO-data=996 RW-data=1600 ZI-data=1224  
FromELF: creating hex file...
".\Output\Can.axf" - 0 Errors, 3 Warning(s).
Build target 'STM32F207ZET6'
compiling main.c...
..\User\main.c(12): warning:  #223-D: function "TIM_Config" declared implicitly
..\User\main.c(13): warning:  #223-D: function "Pwm_Init" declared implicitly
compiling stm32f2xx_it.c...
compiling led.c...
compiling nvic.c...
compiling systick.c...
compiling uart.c...
compiling i2c.c...
compiling command.c...
compiling adc.c...
compiling exit.c...
compiling tsl2581.c...
..\User\tsl2581.c(374): warning:  #186-D: pointless comparison of unsigned integer with zero
compiling ds18b20.c...
compiling ds18b20_1.c...
compiling manage.c...
..\User\manage.c(447): warning:  #550-D: variable "Ambient_Temp" was set but never used
compiling can.c...
compiling timer.c...
compiling ntc.c...
compiling relay.c...
compiling pwm.c...
..\User\pwm.c(82): warning:  #1-D: last line of file ends without a newline
linking...
Program Size: Code=22172 RO-data=996 RW-data=1600 ZI-data=1224  
FromELF: creating hex file...
".\Output\Can.axf" - 0 Errors, 5 Warning(s).
Build target 'STM32F207ZET6'
compiling main.c...
..\User\main.c(12): warning:  #223-D: function "TIM_Config" declared implicitly
..\User\main.c(13): warning:  #223-D: function "Pwm_Init" declared implicitly
compiling stm32f2xx_it.c...
compiling led.c...
compiling nvic.c...
compiling systick.c...
compiling uart.c...
compiling i2c.c...
compiling command.c...
compiling adc.c...
compiling exit.c...
compiling tsl2581.c...
..\User\tsl2581.c(374): warning:  #186-D: pointless comparison of unsigned integer with zero
compiling ds18b20.c...
compiling ds18b20_1.c...
compiling manage.c...
..\User\manage.c(447): warning:  #550-D: variable "Ambient_Temp" was set but never used
compiling can.c...
compiling timer.c...
compiling ntc.c...
compiling relay.c...
compiling pwm.c...
..\User\pwm.c(82): warning:  #1-D: last line of file ends without a newline
linking...
Program Size: Code=22172 RO-data=996 RW-data=1600 ZI-data=1224  
FromELF: creating hex file...
".\Output\Can.axf" - 0 Errors, 5 Warning(s).
Build target 'STM32F207ZET6'
compiling main.c...
..\User\main.c(12): warning:  #223-D: function "TIM_Config" declared implicitly
..\User\main.c(13): warning:  #223-D: function "Pwm_Init" declared implicitly
compiling pwm.c...
..\User\pwm.c(82): warning:  #1-D: last line of file ends without a newline
linking...
Program Size: Code=22172 RO-data=996 RW-data=1600 ZI-data=1224  
FromELF: creating hex file...
".\Output\Can.axf" - 0 Errors, 3 Warning(s).
Build target 'STM32F207ZET6'
compiling pwm.c...
linking...
Program Size: Code=22172 RO-data=996 RW-data=1600 ZI-data=1224  
FromELF: creating hex file...
".\Output\Can.axf" - 0 Errors, 0 Warning(s).
Build target 'STM32F207ZET6'
compiling pwm.c...
linking...
Program Size: Code=22172 RO-data=996 RW-data=1600 ZI-data=1224  
FromELF: creating hex file...
".\Output\Can.axf" - 0 Errors, 0 Warning(s).
Build target 'STM32F207ZET6'
compiling main.c...
..\User\main.c(12): warning:  #223-D: function "TIM_Config" declared implicitly
..\User\main.c(13): warning:  #223-D: function "Pwm_Init" declared implicitly
compiling stm32f2xx_it.c...
compiling led.c...
compiling nvic.c...
compiling systick.c...
compiling uart.c...
compiling i2c.c...
compiling command.c...
compiling adc.c...
compiling exit.c...
compiling tsl2581.c...
..\User\tsl2581.c(374): warning:  #186-D: pointless comparison of unsigned integer with zero
compiling ds18b20.c...
compiling ds18b20_1.c...
compiling manage.c...
..\User\manage.c(447): warning:  #550-D: variable "Ambient_Temp" was set but never used
compiling can.c...
compiling timer.c...
compiling ntc.c...
compiling relay.c...
compiling pwm.c...
linking...
Program Size: Code=22172 RO-data=996 RW-data=1600 ZI-data=1224  
FromELF: creating hex file...
".\Output\Can.axf" - 0 Errors, 4 Warning(s).
Build target 'STM32F207ZET6'
compiling main.c...
compiling stm32f2xx_it.c...
compiling led.c...
compiling nvic.c...
compiling systick.c...
compiling uart.c...
compiling i2c.c...
compiling command.c...
compiling adc.c...
compiling exit.c...
compiling tsl2581.c...
..\User\tsl2581.c(374): warning:  #186-D: pointless comparison of unsigned integer with zero
compiling ds18b20.c...
compiling ds18b20_1.c...
compiling manage.c...
..\User\manage.c(447): warning:  #550-D: variable "Ambient_Temp" was set but never used
compiling can.c...
compiling timer.c...
compiling ntc.c...
compiling relay.c...
compiling pwm.c...
linking...
Program Size: Code=21884 RO-data=996 RW-data=1600 ZI-data=1224  
FromELF: creating hex file...
".\Output\Can.axf" - 0 Errors, 2 Warning(s).
Build target 'STM32F207ZET6'
compiling main.c...
compiling stm32f2xx_it.c...
compiling led.c...
compiling nvic.c...
compiling systick.c...
compiling uart.c...
compiling i2c.c...
compiling command.c...
compiling adc.c...
compiling exit.c...
compiling tsl2581.c...
..\User\tsl2581.c(374): warning:  #186-D: pointless comparison of unsigned integer with zero
compiling ds18b20.c...
compiling ds18b20_1.c...
compiling manage.c...
..\User\manage.c(447): warning:  #550-D: variable "Ambient_Temp" was set but never used
compiling can.c...
compiling timer.c...
compiling ntc.c...
compiling relay.c...
compiling pwm.c...
linking...
Program Size: Code=21884 RO-data=996 RW-data=1600 ZI-data=1224  
FromELF: creating hex file...
".\Output\Can.axf" - 0 Errors, 2 Warning(s).
Build target 'STM32F207ZET6'
compiling main.c...
linking...
Program Size: Code=22172 RO-data=996 RW-data=1600 ZI-data=1224  
FromELF: creating hex file...
".\Output\Can.axf" - 0 Errors, 0 Warning(s).
Rebuild target 'STM32F207ZET6'
compiling main.c...
compiling stm32f2xx_it.c...
compiling led.c...
compiling nvic.c...
compiling systick.c...
compiling uart.c...
compiling i2c.c...
compiling command.c...
compiling adc.c...
compiling exit.c...
compiling tsl2581.c...
..\User\tsl2581.c(374): warning:  #186-D: pointless comparison of unsigned integer with zero
compiling ds18b20.c...
compiling ds18b20_1.c...
compiling manage.c...
..\User\manage.c(447): warning:  #550-D: variable "Ambient_Temp" was set but never used
compiling can.c...
compiling timer.c...
compiling ntc.c...
compiling relay.c...
compiling pwm.c...
assembling startup_stm32f2xx.s...
compiling system_stm32f2xx.c...
compiling misc.c...
compiling stm32f2xx_adc.c...
compiling stm32f2xx_can.c...
compiling stm32f2xx_crc.c...
compiling stm32f2xx_cryp.c...
compiling stm32f2xx_cryp_aes.c...
compiling stm32f2xx_cryp_des.c...
compiling stm32f2xx_cryp_tdes.c...
compiling stm32f2xx_dac.c...
compiling stm32f2xx_dbgmcu.c...
compiling stm32f2xx_dcmi.c...
compiling stm32f2xx_dma.c...
compiling stm32f2xx_exti.c...
compiling stm32f2xx_flash.c...
compiling stm32f2xx_fsmc.c...
compiling stm32f2xx_gpio.c...
compiling stm32f2xx_hash.c...
compiling stm32f2xx_hash_md5.c...
compiling stm32f2xx_hash_sha1.c...
compiling stm32f2xx_i2c.c...
compiling stm32f2xx_iwdg.c...
compiling stm32f2xx_pwr.c...
compiling stm32f2xx_rcc.c...
compiling stm32f2xx_rng.c...
compiling stm32f2xx_rtc.c...
compiling stm32f2xx_sdio.c...
compiling stm32f2xx_spi.c...
compiling stm32f2xx_syscfg.c...
compiling stm32f2xx_tim.c...
compiling stm32f2xx_usart.c...
compiling stm32f2xx_wwdg.c...
linking...
Program Size: Code=22172 RO-data=996 RW-data=1600 ZI-data=1224  
FromELF: creating hex file...
".\Output\Can.axf" - 0 Errors, 2 Warning(s).
Build target 'STM32F207ZET6'
linking...
Program Size: Code=22172 RO-data=996 RW-data=1600 ZI-data=1224  
FromELF: creating hex file...
".\Output\Can.axf" - 0 Errors, 0 Warning(s).
Load "C:\\Users\\luoliang.YANFA\\Desktop\\BARCO-DB2K-10S-2017.8.15-NTC-CAN\\Project\\Output\\Can.axf" 
Set JLink Project File to "C:\Users\luoliang.YANFA\Desktop\BARCO-DB2K-10S-2017.8.15-NTC-CAN\Project\JLinkSettings.ini"
* JLink Info: Device "STM32F207VE" selected (512 KB flash, 64 KB RAM).
 
JLink info:
------------
DLL: V4.68a, compiled Apr 12 2013 13:26:50
Firmware: J-Link ARM V8 compiled Nov 25 2013 19:20:08
Hardware: V8.00
S/N : 56004148 
Feature(s) : RDI,FlashDL,FlashBP,JFlash,GDBFULL 
 
* JLink Info: Found SWD-DP with ID 0x2BA01477
* JLink Info: Found SWD-DP with ID 0x2BA01477
* JLink Info: TPIU fitted.
* JLink Info: ETM fitted.
* JLink Info: FPUnit: 6 code (BP) slots and 2 literal slots
* JLink Info: Found Cortex-M3 r2p0, Little endian.
ROMTableAddr = 0xE00FF003
 
Target info:
------------
Device: STM32F207VE
VTarget = 3.280V
State of Pins: 
TCK: 0, TDI: 0, TDO: 0, TMS: 1, TRES: 1, TRST: 0
Hardware-Breakpoints: 6
Software-Breakpoints: 8192
Watchpoints:          4
JTAG speed: 2000 kHz
 
Erase Done.
Programming Done.
Verify OK.
Application running ...
Build target 'STM32F207ZET6'
compiling pwm.c...
linking...
Program Size: Code=22168 RO-data=996 RW-data=1600 ZI-data=1224  
FromELF: creating hex file...
".\Output\Can.axf" - 0 Errors, 0 Warning(s).
Load "C:\\Users\\luoliang.YANFA\\Desktop\\BARCO-DB2K-10S-2017.8.15-NTC-CAN\\Project\\Output\\Can.axf" 
Set JLink Project File to "C:\Users\luoliang.YANFA\Desktop\BARCO-DB2K-10S-2017.8.15-NTC-CAN\Project\JLinkSettings.ini"
* JLink Info: Device "STM32F207VE" selected (512 KB flash, 64 KB RAM).
 
JLink info:
------------
DLL: V4.68a, compiled Apr 12 2013 13:26:50
Firmware: J-Link ARM V8 compiled Nov 25 2013 19:20:08
Hardware: V8.00
S/N : 56004148 
Feature(s) : RDI,FlashDL,FlashBP,JFlash,GDBFULL 
 
* JLink Info: Found SWD-DP with ID 0x2BA01477
* JLink Info: Found SWD-DP with ID 0x2BA01477
* JLink Info: TPIU fitted.
* JLink Info: ETM fitted.
* JLink Info: FPUnit: 6 code (BP) slots and 2 literal slots
* JLink Info: Found Cortex-M3 r2p0, Little endian.
ROMTableAddr = 0xE00FF003
 
Target info:
------------
Device: STM32F207VE
VTarget = 3.287V
State of Pins: 
TCK: 0, TDI: 0, TDO: 0, TMS: 1, TRES: 1, TRST: 0
Hardware-Breakpoints: 6
Software-Breakpoints: 8192
Watchpoints:          4
JTAG speed: 2000 kHz
 
Erase Done.
Programming Done.
Verify OK.
Application running ...
Build target 'STM32F207ZET6'
compiling pwm.c...
linking...
Program Size: Code=22172 RO-data=996 RW-data=1600 ZI-data=1224  
FromELF: creating hex file...
".\Output\Can.axf" - 0 Errors, 0 Warning(s).
Load "C:\\Users\\luoliang.YANFA\\Desktop\\BARCO-DB2K-10S-2017.8.15-NTC-CAN\\Project\\Output\\Can.axf" 
Set JLink Project File to "C:\Users\luoliang.YANFA\Desktop\BARCO-DB2K-10S-2017.8.15-NTC-CAN\Project\JLinkSettings.ini"
* JLink Info: Device "STM32F207VE" selected (512 KB flash, 64 KB RAM).
 
JLink info:
------------
DLL: V4.68a, compiled Apr 12 2013 13:26:50
Firmware: J-Link ARM V8 compiled Nov 25 2013 19:20:08
Hardware: V8.00
S/N : 56004148 
Feature(s) : RDI,FlashDL,FlashBP,JFlash,GDBFULL 
 
* JLink Info: Found SWD-DP with ID 0x2BA01477
* JLink Info: Found SWD-DP with ID 0x2BA01477
* JLink Info: TPIU fitted.
* JLink Info: ETM fitted.
* JLink Info: FPUnit: 6 code (BP) slots and 2 literal slots
* JLink Info: Found Cortex-M3 r2p0, Little endian.
ROMTableAddr = 0xE00FF003
 
Target info:
------------
Device: STM32F207VE
VTarget = 3.287V
State of Pins: 
TCK: 0, TDI: 0, TDO: 0, TMS: 1, TRES: 1, TRST: 0
Hardware-Breakpoints: 6
Software-Breakpoints: 8192
Watchpoints:          4
JTAG speed: 2000 kHz
 
Erase Done.
Programming Done.
Verify OK.
Application running ...
Build target 'STM32F207ZET6'
compiling main.c...
compiling pwm.c...
linking...
Program Size: Code=22172 RO-data=996 RW-data=1600 ZI-data=1224  
FromELF: creating hex file...
".\Output\Can.axf" - 0 Errors, 0 Warning(s).
Load "C:\\Users\\luoliang.YANFA\\Desktop\\BARCO-DB2K-10S-2017.8.15-NTC-CAN\\Project\\Output\\Can.axf" 
Set JLink Project File to "C:\Users\luoliang.YANFA\Desktop\BARCO-DB2K-10S-2017.8.15-NTC-CAN\Project\JLinkSettings.ini"
* JLink Info: Device "STM32F207VE" selected (512 KB flash, 64 KB RAM).
 
JLink info:
------------
DLL: V4.68a, compiled Apr 12 2013 13:26:50
Firmware: J-Link ARM V8 compiled Nov 25 2013 19:20:08
Hardware: V8.00
S/N : 56004148 
Feature(s) : RDI,FlashDL,FlashBP,JFlash,GDBFULL 
 
* JLink Info: Found SWD-DP with ID 0x2BA01477
* JLink Info: Found SWD-DP with ID 0x2BA01477
* JLink Info: TPIU fitted.
* JLink Info: ETM fitted.
* JLink Info: FPUnit: 6 code (BP) slots and 2 literal slots
* JLink Info: Found Cortex-M3 r2p0, Little endian.
ROMTableAddr = 0xE00FF003
 
Target info:
------------
Device: STM32F207VE
VTarget = 3.287V
State of Pins: 
TCK: 0, TDI: 0, TDO: 0, TMS: 1, TRES: 1, TRST: 0
Hardware-Breakpoints: 6
Software-Breakpoints: 8192
Watchpoints:          4
JTAG speed: 2000 kHz
 
Erase Done.
Programming Done.
Verify OK.
Application running ...
Build target 'STM32F207ZET6'
compiling main.c...
compiling pwm.c...
linking...
Program Size: Code=22172 RO-data=996 RW-data=1600 ZI-data=1224  
FromELF: creating hex file...
".\Output\Can.axf" - 0 Errors, 0 Warning(s).
Load "C:\\Users\\luoliang.YANFA\\Desktop\\BARCO-DB2K-10S-2017.8.15-NTC-CAN\\Project\\Output\\Can.axf" 
Set JLink Project File to "C:\Users\luoliang.YANFA\Desktop\BARCO-DB2K-10S-2017.8.15-NTC-CAN\Project\JLinkSettings.ini"
* JLink Info: Device "STM32F207VE" selected (512 KB flash, 64 KB RAM).
 
JLink info:
------------
DLL: V4.68a, compiled Apr 12 2013 13:26:50
Firmware: J-Link ARM V8 compiled Nov 25 2013 19:20:08
Hardware: V8.00
S/N : 56004148 
Feature(s) : RDI,FlashDL,FlashBP,JFlash,GDBFULL 
 
* JLink Info: Found SWD-DP with ID 0x2BA01477
* JLink Info: Found SWD-DP with ID 0x2BA01477
* JLink Info: TPIU fitted.
* JLink Info: ETM fitted.
* JLink Info: FPUnit: 6 code (BP) slots and 2 literal slots
* JLink Info: Found Cortex-M3 r2p0, Little endian.
ROMTableAddr = 0xE00FF003
 
Target info:
------------
Device: STM32F207VE
VTarget = 3.287V
State of Pins: 
TCK: 0, TDI: 0, TDO: 0, TMS: 1, TRES: 1, TRST: 0
Hardware-Breakpoints: 6
Software-Breakpoints: 8192
Watchpoints:          4
JTAG speed: 2000 kHz
 
Erase Done.
Programming Done.
Verify OK.
Application running ...
Build target 'STM32F207ZET6'
compiling main.c...
linking...
Program Size: Code=22172 RO-data=996 RW-data=1600 ZI-data=1224  
FromELF: creating hex file...
".\Output\Can.axf" - 0 Errors, 0 Warning(s).
Build target 'STM32F207ZET6'
compiling pwm.c...
linking...
Program Size: Code=22176 RO-data=996 RW-data=1600 ZI-data=1224  
FromELF: creating hex file...
".\Output\Can.axf" - 0 Errors, 0 Warning(s).
Load "C:\\Users\\luoliang.YANFA\\Desktop\\BARCO-DB2K-10S-2017.8.15-NTC-CAN\\Project\\Output\\Can.axf" 
Set JLink Project File to "C:\Users\luoliang.YANFA\Desktop\BARCO-DB2K-10S-2017.8.15-NTC-CAN\Project\JLinkSettings.ini"
* JLink Info: Device "STM32F207VE" selected (512 KB flash, 64 KB RAM).
 
JLink info:
------------
DLL: V4.68a, compiled Apr 12 2013 13:26:50
Firmware: J-Link ARM V8 compiled Nov 25 2013 19:20:08
Hardware: V8.00
S/N : 56004148 
Feature(s) : RDI,FlashDL,FlashBP,JFlash,GDBFULL 
 
* JLink Info: Found SWD-DP with ID 0x2BA01477
* JLink Info: Found SWD-DP with ID 0x2BA01477
* JLink Info: TPIU fitted.
* JLink Info: ETM fitted.
* JLink Info: FPUnit: 6 code (BP) slots and 2 literal slots
* JLink Info: Found Cortex-M3 r2p0, Little endian.
ROMTableAddr = 0xE00FF003
 
Target info:
------------
Device: STM32F207VE
VTarget = 3.287V
State of Pins: 
TCK: 0, TDI: 0, TDO: 0, TMS: 1, TRES: 1, TRST: 0
Hardware-Breakpoints: 6
Software-Breakpoints: 8192
Watchpoints:          4
JTAG speed: 2000 kHz
 
Erase Done.
Programming Done.
Verify OK.
Application running ...
Build target 'STM32F207ZET6'
compiling pwm.c...
linking...
Program Size: Code=22176 RO-data=996 RW-data=1600 ZI-data=1224  
FromELF: creating hex file...
".\Output\Can.axf" - 0 Errors, 0 Warning(s).
Load "C:\\Users\\luoliang.YANFA\\Desktop\\BARCO-DB2K-10S-2017.8.15-NTC-CAN\\Project\\Output\\Can.axf" 
Set JLink Project File to "C:\Users\luoliang.YANFA\Desktop\BARCO-DB2K-10S-2017.8.15-NTC-CAN\Project\JLinkSettings.ini"
* JLink Info: Device "STM32F207VE" selected (512 KB flash, 64 KB RAM).
 
JLink info:
------------
DLL: V4.68a, compiled Apr 12 2013 13:26:50
Firmware: J-Link ARM V8 compiled Nov 25 2013 19:20:08
Hardware: V8.00
S/N : 56004148 
Feature(s) : RDI,FlashDL,FlashBP,JFlash,GDBFULL 
 
* JLink Info: Found SWD-DP with ID 0x2BA01477
* JLink Info: Found SWD-DP with ID 0x2BA01477
* JLink Info: TPIU fitted.
* JLink Info: ETM fitted.
* JLink Info: FPUnit: 6 code (BP) slots and 2 literal slots
* JLink Info: Found Cortex-M3 r2p0, Little endian.
ROMTableAddr = 0xE00FF003
 
Target info:
------------
Device: STM32F207VE
VTarget = 3.287V
State of Pins: 
TCK: 0, TDI: 0, TDO: 0, TMS: 1, TRES: 1, TRST: 0
Hardware-Breakpoints: 6
Software-Breakpoints: 8192
Watchpoints:          4
JTAG speed: 2000 kHz
 
Erase Done.
Programming Done.
Verify OK.
Application running ...
Build target 'STM32F207ZET6'
compiling main.c...
linking...
Program Size: Code=22176 RO-data=996 RW-data=1600 ZI-data=1224  
FromELF: creating hex file...
".\Output\Can.axf" - 0 Errors, 0 Warning(s).
Load "C:\\Users\\luoliang.YANFA\\Desktop\\BARCO-DB2K-10S-2017.8.15-NTC-CAN\\Project\\Output\\Can.axf" 
Set JLink Project File to "C:\Users\luoliang.YANFA\Desktop\BARCO-DB2K-10S-2017.8.15-NTC-CAN\Project\JLinkSettings.ini"
* JLink Info: Device "STM32F207VE" selected (512 KB flash, 64 KB RAM).
 
JLink info:
------------
DLL: V4.68a, compiled Apr 12 2013 13:26:50
Firmware: J-Link ARM V8 compiled Nov 25 2013 19:20:08
Hardware: V8.00
S/N : 56004148 
Feature(s) : RDI,FlashDL,FlashBP,JFlash,GDBFULL 
 
* JLink Info: Found SWD-DP with ID 0x2BA01477
* JLink Info: Found SWD-DP with ID 0x2BA01477
* JLink Info: TPIU fitted.
* JLink Info: ETM fitted.
* JLink Info: FPUnit: 6 code (BP) slots and 2 literal slots
* JLink Info: Found Cortex-M3 r2p0, Little endian.
ROMTableAddr = 0xE00FF003
 
Target info:
------------
Device: STM32F207VE
VTarget = 3.287V
State of Pins: 
TCK: 0, TDI: 0, TDO: 0, TMS: 1, TRES: 1, TRST: 0
Hardware-Breakpoints: 6
Software-Breakpoints: 8192
Watchpoints:          4
JTAG speed: 2000 kHz
 
Erase Done.
Programming Done.
Verify OK.
Application running ...
